Microchip MPLAB XC8 Compiler V2.20

Linker command line:

-W-3 --edf=/opt/microchip/xc8/v2.20/pic/dat/en_msgs.txt -cn \
  -h+dist/default/production/ultimo2.X.production.sym \
  --cmf=dist/default/production/ultimo2.X.production.cmf -z -Q16F886 \
  -o/tmp/xcXjeDcGn --defsym=__MPLAB_BUILD=1 \
  -Mdist/default/production/ultimo2.X.production.map -E1 -ver=XC8 Compiler \
  --acfsm=1493 -ASTACK=0110h-016Fh -pstack=STACK -ACODE=00h-07FFhx4 \
  -ASTRCODE=00h-01FFFh -ASTRING=00h-0FFhx32 -ACONST=00h-0FFhx32 \
  -AENTRY=00h-0FFhx32 -ACOMMON=070h-07Fh -ABANK0=020h-06Fh \
  -ABANK1=0A0h-0EFh -ABANK2=0110h-016Fh -ABANK3=0190h-01EFh \
  -ARAM=020h-06Fh,0A0h-0EFh,0110h-016Fh,0190h-01EFh \
  -AABS1=020h-07Fh,0A0h-0EFh,0110h-016Fh,0190h-01EFh -ASFR0=00h-01Fh \
  -ASFR1=080h-09Fh -ASFR2=0100h-010Fh -ASFR3=0180h-018Fh \
  -ACONFIG=02007h-02008h -DCONFIG=2 -AIDLOC=02000h-02003h -DIDLOC=2 \
  -preset_vec=00h,intentry=04h,init,end_init -ppowerup=CODE -pcinit=CODE \
  -pfunctab=ENTRY -AEEDATA=00h-0FFh/02100h -peeprom_data=EEDATA -DEEDATA=2 \
  -DCODE=2 -DSTRCODE=2 -DSTRING=2 -DCONST=2 -DENTRY=2 -k /tmp/xcXdpHPND.o \
  dist/default/production/ultimo2.X.production.o 

Object code version is 3.11

Machine type is 16F886



                Name                               Link     Load   Length Selector   Space Scale
/tmp/xcXdpHPND.o
                end_init                             12       12        3        8       0
                reset_vec                             0        0        3        0       0
                config                             2007     2007        2        0       4
dist/default/production/ultimo2.X.production.o
                cinit                                15       15        F        8       0
                intentry                              4        4        E        8       0
                config                             2007     2007        2        0       4
                text31                              B19      B19       1D     1632       0
                text30                              B36      B36       1E     166C       0
                text29                              C6A      C6A       37     18D4       0
                text28                              BE0      BE0       29     17C0       0
                text27                               24       24      361        8       0
                text26                              385      385      288        8       0
                text25                              B95      B95       24     172A       0
                text24                              DC3      DC3       7C     1B86       0
                text23                              E3F      E3F       BC     1C7E       0
                text22                              B54      B54       20     16A8       0
                text21                              AE3      AE3       1B     15C6       0
                text20                              A87      A87        A     150E       0
                text19                              C36      C36       34     186C       0
                text18                              A9D      A9D        F     153A       0
                text17                              A82      A82        5     1504       0
                text16                              AAC      AAC       11     1558       0
                text15                              A76      A76        4     14EC       0
                text14                              D23      D23       48     1A46       0
                text13                              B74      B74       21     16E8       0
                text12                              AFE      AFE       1B     15FC       0
                text11                              ABD      ABD       12     157A       0
                text10                              A7A      A7A        4     14F4       0
                text9                               D6B      D6B       58     1AD6       0
                text8                               A7E      A7E        4     14FC       0
                text7                               C09      C09       2D     1812       0
                text6                               CDD      CDD       46     19BA       0
                text5                               CA1      CA1       3C     1942       0
                text4                               BB9      BB9       27     1772       0
                text3                               ACF      ACF       14     159E       0
                text2                               60D      60D      1C4        8       0
                text1                               A91      A91        C     1522       0
                maintext                            EFB      EFB      105     1DF6       0
                cstackBANK0                          20       20       45       20       1
                cstackCOMMON                         70       70        8       70       1
                bssBANK0                             65       65        4       20       1
                dataCOMMON                           79       79        1       70       1
                bitbssCOMMON                        3C0       78        1       70       1     8
                strings                             7D1      7D1       2F      FA2       0
                idataCOMMON                           3        3        1        0       0

TOTAL           Name                               Link     Load   Length     Space
        CLASS   STACK          

        CLASS   CODE           
                end_init                             12       12        3         0
                cinit                                15       15        F         0
                intentry                              4        4        E         0
                reset_vec                             0        0        3         0
                text31                              B19      B19       1D         0
                text30                              B36      B36       1E         0
                text29                              C6A      C6A       37         0
                text28                              BE0      BE0       29         0
                text27                               24       24      361         0
                text26                              385      385      288         0
                text25                              B95      B95       24         0
                text24                              DC3      DC3       7C         0
                text23                              E3F      E3F       BC         0
                text22                              B54      B54       20         0
                text21                              AE3      AE3       1B         0
                text20                              A87      A87        A         0
                text19                              C36      C36       34         0
                text18                              A9D      A9D        F         0
                text17                              A82      A82        5         0
                text16                              AAC      AAC       11         0
                text15                              A76      A76        4         0
                text14                              D23      D23       48         0
                text13                              B74      B74       21         0
                text12                              AFE      AFE       1B         0
                text11                              ABD      ABD       12         0
                text10                              A7A      A7A        4         0
                text9                               D6B      D6B       58         0
                text8                               A7E      A7E        4         0
                text7                               C09      C09       2D         0
                text6                               CDD      CDD       46         0
                text5                               CA1      CA1       3C         0
                text4                               BB9      BB9       27         0
                text3                               ACF      ACF       14         0
                text2                               60D      60D      1C4         0
                text1                               A91      A91        C         0
                maintext                            EFB      EFB      105         0
                idataCOMMON                           3        3        1         0

        CLASS   STRCODE        

        CLASS   STRING         
                strings                             7D1      7D1       2F         0

        CLASS   CONST          

        CLASS   ENTRY          

        CLASS   COMMON         
                cstackCOMMON                         70       70        8         1
                dataCOMMON                           79       79        1         1
                bitbssCOMMON                        3C0       78        1         1

        CLASS   BANK0          
                cstackBANK0                          20       20       45         1
                bssBANK0                             65       65        4         1

        CLASS   BANK1          

        CLASS   BANK2          

        CLASS   BANK3          

        CLASS   RAM            

        CLASS   ABS1           
                abs_s1                               7E       7E        2         1

        CLASS   SFR0           

        CLASS   SFR1           

        CLASS   SFR2           

        CLASS   SFR3           

        CLASS   CONFIG         
                config                             2007     2007        2         4

        CLASS   IDLOC          

        CLASS   EEDATA         



SEGMENTS        Name                           Load    Length   Top    Selector   Space  Class     Delta

                text13                         000B74  000021  000B95      16E8       0  CODE        2
                text25                         000B95  000024  000BB9      172A       0  CODE        2
                text4                          000BB9  000027  000BE0      1772       0  CODE        2
                text31                         000B19  00001D  000B36      1632       0  CODE        2
                text30                         000B36  00001E  000B54      166C       0  CODE        2
                text22                         000B54  000020  000B74      16A8       0  CODE        2
                text19                         000C36  000034  000C6A      186C       0  CODE        2
                text29                         000C6A  000037  000CA1      18D4       0  CODE        2
                text5                          000CA1  00003C  000CDD      1942       0  CODE        2
                text28                         000BE0  000029  000C09      17C0       0  CODE        2
                text7                          000C09  00002D  000C36      1812       0  CODE        2
                strings                        0007D1  00002F  000800       FA2       0  STRING      2
                text17                         000A82  000005  000A87      1504       0  CODE        2
                text20                         000A87  00000A  000A91      150E       0  CODE        2
                text1                          000A91  00000C  000A9D      1522       0  CODE        2
                text15                         000A76  000004  000A7A      14EC       0  CODE        2
                text10                         000A7A  000004  000A7E      14F4       0  CODE        2
                text8                          000A7E  000004  000A82      14FC       0  CODE        2
                text3                          000ACF  000014  000AE3      159E       0  CODE        2
                text21                         000AE3  00001B  000AFE      15C6       0  CODE        2
                text12                         000AFE  00001B  000B19      15FC       0  CODE        2
                text18                         000A9D  00000F  000AAC      153A       0  CODE        2
                text16                         000AAC  000011  000ABD      1558       0  CODE        2
                text11                         000ABD  000012  000ACF      157A       0  CODE        2
                text6                          000CDD  000046  000D23      19BA       0  CODE        2
                cstackCOMMON                   000070  00000A  00007A        70       1  COMMON      1
                reset_vec                      000000  000004  000004         0       0  CODE        2
                intentry                       000004  0007CD  0007D1         8       0  CODE        2
                text24                         000DC3  00007C  000E3F      1B86       0  CODE        2
                text9                          000D6B  000058  000DC3      1AD6       0  CODE        2
                text23                         000E3F  0000BC  000EFB      1C7E       0  CODE        2
                text14                         000D23  000048  000D6B      1A46       0  CODE        2
                cstackBANK0                    000020  000049  000069        20       1  BANK0       1
                maintext                       000EFB  000105  001000      1DF6       0  CODE        2


UNUSED ADDRESS RANGES

        Name                Unused          Largest block    Delta
        BANK0            0069-006F              7           1
        BANK1            00A0-00EF             50           1
        BANK2            0110-016F             60           1
        BANK3            0190-01EF             60           1
        CODE             0800-0A75            276           2
                         1000-1FFF            800
        COMMON           007A-007D              4           1
        CONST            0800-0A75            100           2
                         1000-1FFF            100
        EEDATA           2100-21FF            100           2
        ENTRY            0800-0A75            100           2
                         1000-1FFF            100
        IDLOC            2000-2003              4           2
        RAM              0069-006F              7           1
                         00A0-00EF             50
                         0110-016F             60
                         0190-01EF             60
        SFR0             0000-001F             20           1
        SFR1             0080-009F             20           1
        SFR2             0100-010F             10           1
        SFR3             0180-018F             10           1
        STACK            0110-016F             60           1
        STRCODE          0800-0A75            276           2
                         1000-1FFF           1000
        STRING           0800-0A75            100           2
                         1000-1FFF            100

                                  Symbol Table

?__Umul8_16                cstackBANK0  0020
?___fladd                  cstackBANK0  0020
?___flmul                  cstackBANK0  002E
?___flsub                  cstackBANK0  0048
?___fltol                  cstackBANK0  0050
?___lwdiv                  cstackBANK0  0020
?___lwmod                  cstackBANK0  0027
?___wmul                   cstackBANK0  0020
?___xxtofl                 cstackBANK0  0020
?_adc_read_0               cstackBANK0  0020
?_io_sw_pressed            cstackBANK0  0020
?_sprintf                  cstackBANK0  002C
_ADCON0bits                (abs)        001F
_ADCS0                     (abs)        00FE
_ADCS1                     (abs)        00FF
_ADFM                      (abs)        04FF
_ADIF                      (abs)        0066
_ADON                      (abs)        00F8
_ADRESH                    (abs)        001E
_ADRESL                    (abs)        009E
_ANS0                      (abs)        0C40
_ANS12                     (abs)        0C4C
_ANS13                     (abs)        0C4D
_ANS2                      (abs)        0C42
_ANS3                      (abs)        0C43
_ANS8                      (abs)        0C48
_GO                        (abs)        00F9
_INTCONbits                (abs)        000B
_IOCB6                     (abs)        04B6
_LCD_RS_SetHigh            text8        0A7E
_LCD_RS_SetLow             text15       0A76
_LCD_RW_SetLow             text10       0A7A
_OPTION_REGbits            (abs)        0081
_PORTB                     (abs)        0006
_PSA                       (abs)        040B
_RA2                       (abs)        002A
_RA3                       (abs)        002B
_RA4                       (abs)        002C
_RB0                       (abs)        0030
_RB1                       (abs)        0031
_RB2                       (abs)        0032
_RB5                       (abs)        0035
_RB7                       (abs)        0037
_RBIE                      (abs)        005B
_RBIF                      (abs)        0058
_RC0                       (abs)        0038
_RC3                       (abs)        003B
_RC4                       (abs)        003C
_RC5                       (abs)        003D
_T0CS                      (abs)        040D
_T0IE                      (abs)        005D
_T0IF                      (abs)        005A
_TMR0                      (abs)        0001
_TRISA0                    (abs)        0428
_TRISA2                    (abs)        042A
_TRISA3                    (abs)        042B
_TRISA4                    (abs)        042C
_TRISB0                    (abs)        0430
_TRISB1                    (abs)        0431
_TRISB2                    (abs)        0432
_TRISB5                    (abs)        0435
_TRISB6                    (abs)        0436
_TRISB7                    (abs)        0437
_TRISC                     (abs)        0087
_VCFG0                     (abs)        04FC
_VCFG1                     (abs)        04FD
_WPUB6                     (abs)        04AE
__Habs1                    abs1         0000
__Hbank0                   bank0        0000
__Hbank1                   bank1        0000
__Hbank2                   bank2        0000
__Hbank3                   bank3        0000
__HbitbssCOMMON            bitbssCOMMON 0000
__HbssBANK0                bssBANK0     0000
__Hcinit                   cinit        0024
__Hclrtext                 clrtext      0000
__Hcode                    code         0000
__Hcommon                  common       0000
__Hconfig                  config       2009
__HcstackBANK0             cstackBANK0  0000
__HcstackCOMMON            cstackCOMMON 0000
__HdataCOMMON              dataCOMMON   0000
__Heeprom_data             eeprom_data  0000
__Hend_init                end_init     0015
__Hfunctab                 functab      0000
__HidataCOMMON             idataCOMMON  0000
__Hinit                    init         0012
__Hintentry                intentry     0012
__Hmaintext                maintext     0000
__Hpowerup                 powerup      0000
__Hram                     ram          0000
__Hreset_vec               reset_vec    0003
__Hsfr0                    sfr0         0000
__Hsfr1                    sfr1         0000
__Hsfr2                    sfr2         0000
__Hsfr3                    sfr3         0000
__Hspace_0                 (abs)        1000
__Hspace_1                 (abs)        03C1
__Hspace_2                 (abs)        0000
__Hspace_3                 (abs)        0000
__Hspace_4                 (abs)        4010
__Hstack                   stack        0000
__Hstrings                 strings      0000
__Htext                    text         0000
__Labs1                    abs1         0000
__Lbank0                   bank0        0000
__Lbank1                   bank1        0000
__Lbank2                   bank2        0000
__Lbank3                   bank3        0000
__LbitbssCOMMON            bitbssCOMMON 0000
__LbssBANK0                bssBANK0     0000
__Lcinit                   cinit        0015
__Lclrtext                 clrtext      0000
__Lcode                    code         0000
__Lcommon                  common       0000
__Lconfig                  config       0000
__LcstackBANK0             cstackBANK0  0000
__LcstackCOMMON            cstackCOMMON 0000
__LdataCOMMON              dataCOMMON   0000
__Leeprom_data             eeprom_data  0000
__Lend_init                end_init     0012
__Lfunctab                 functab      0000
__LidataCOMMON             idataCOMMON  0000
__Linit                    init         0012
__Lintentry                intentry     0004
__Lmaintext                maintext     0000
__Lpowerup                 powerup      0000
__Lram                     ram          0000
__Lreset_vec               reset_vec    0000
__Lsfr0                    sfr0         0000
__Lsfr1                    sfr1         0000
__Lsfr2                    sfr2         0000
__Lsfr3                    sfr3         0000
__Lspace_0                 (abs)        0000
__Lspace_1                 (abs)        0000
__Lspace_2                 (abs)        0000
__Lspace_3                 (abs)        0000
__Lspace_4                 (abs)        0000
__Lstack                   stack        0000
__Lstrings                 strings      0000
__Ltext                    text         0000
__S0                       (abs)        1000
__S1                       (abs)        007A
__S2                       (abs)        0000
__S3                       (abs)        0000
__Umul8_16                 text28       0BE0
__Umul8_16@multiplicand    cstackBANK0  0020
__Umul8_16@multiplier      cstackBANK0  0028
__Umul8_16@product         cstackBANK0  0024
__Umul8_16@word_mpld       cstackBANK0  0026
___fladd                   text26       0385
___fladd@a                 cstackBANK0  0024
___fladd@aexp              cstackBANK0  0031
___fladd@b                 cstackBANK0  0020
___fladd@bexp              cstackBANK0  0032
___fladd@grs               cstackBANK0  0033
___fladd@signs             cstackBANK0  0030
___flmul                   text27       0024
___flmul@a                 cstackBANK0  0032
___flmul@aexp              cstackBANK0  0040
___flmul@b                 cstackBANK0  002E
___flmul@bexp              cstackBANK0  0041
___flmul@grs               cstackBANK0  003C
___flmul@prod              cstackBANK0  0042
___flmul@sign              cstackBANK0  003B
___flmul@temp              cstackBANK0  0046
___flsub                   text25       0B95
___flsub@a                 cstackBANK0  0048
___flsub@b                 cstackBANK0  004C
___fltol                   text24       0DC3
___fltol@exp1              cstackBANK0  0059
___fltol@f1                cstackBANK0  0050
___fltol@sign1             cstackBANK0  0058
___int_sp                  stack        0000
___latbits                 (abs)        0002
___lwdiv                   text6        0CDD
___lwdiv@counter           cstackBANK0  0026
___lwdiv@dividend          cstackBANK0  0022
___lwdiv@divisor           cstackBANK0  0020
___lwdiv@quotient          cstackBANK0  0024
___lwmod                   text5        0CA1
___lwmod@counter           cstackBANK0  002B
___lwmod@dividend          cstackBANK0  0029
___lwmod@divisor           cstackBANK0  0027
___sp                      stack        0000
___stackhi                 (abs)        0000
___stacklo                 (abs)        0000
___wmul                    text4        0BB9
___wmul@multiplicand       cstackBANK0  0022
___wmul@multiplier         cstackBANK0  0020
___wmul@product            cstackBANK0  0024
___xxtofl                  text23       0E3F
___xxtofl@arg              cstackBANK0  002A
___xxtofl@exp              cstackBANK0  0029
___xxtofl@sign             cstackBANK0  0028
___xxtofl@val              cstackBANK0  0020
__end_of_LCD_RS_SetHigh    text8        0A82
__end_of_LCD_RS_SetLow     text15       0A7A
__end_of_LCD_RW_SetLow     text10       0A7E
__end_of__Umul8_16         text28       0C09
__end_of___fladd           text26       060D
__end_of___flmul           text27       0385
__end_of___flsub           text25       0BB9
__end_of___fltol           text24       0E3F
__end_of___lwdiv           text6        0D23
__end_of___lwmod           text5        0CDD
__end_of___wmul            text4        0BE0
__end_of___xxtofl          text23       0EFB
__end_of__initialization   cinit        0020
__end_of__stringtab        strings      07E1
__end_of_adc_init_0        text22       0B74
__end_of_adc_read_0        text21       0AFE
__end_of_debug_init        text20       0A91
__end_of_debug_led_toggle  text31       0B36
__end_of_dpowers           strings      07EB
__end_of_io_beep           text19       0C6A
__end_of_io_init           text18       0AAC
__end_of_io_led_toggle     text17       0A87
__end_of_io_sw_pressed     text16       0ABD
__end_of_io_sw_read        text30       0B54
__end_of_isdigit           text3        0AE3
__end_of_isr               text29       0CA1
__end_of_lcd_cursor        text12       0B19
__end_of_lcd_goto          text11       0ACF
__end_of_lcd_init          text9        0DC3
__end_of_lcd_puts          text7        0C36
__end_of_lcd_write         text13       0B95
__end_of_lcd_write_nibble  text14       0D6B
__end_of_main              maintext     1000
__end_of_sprintf           text2        07D1
__end_of_t0_init           text1        0A9D
__initialization           cinit        0015
__pbitbssCOMMON            bitbssCOMMON 03C0
__pbssBANK0                bssBANK0     0065
__pcstackBANK0             cstackBANK0  0020
__pcstackCOMMON            cstackCOMMON 0070
__pdataCOMMON              dataCOMMON   0079
__pidataCOMMON             idataCOMMON  0003
__pintentry                intentry     0004
__pmaintext                maintext     0EFB
__pstrings                 strings      07D1
__ptext1                   text1        0A91
__ptext10                  text10       0A7A
__ptext11                  text11       0ABD
__ptext12                  text12       0AFE
__ptext13                  text13       0B74
__ptext14                  text14       0D23
__ptext15                  text15       0A76
__ptext16                  text16       0AAC
__ptext17                  text17       0A82
__ptext18                  text18       0A9D
__ptext19                  text19       0C36
__ptext2                   text2        060D
__ptext20                  text20       0A87
__ptext21                  text21       0AE3
__ptext22                  text22       0B54
__ptext23                  text23       0E3F
__ptext24                  text24       0DC3
__ptext25                  text25       0B95
__ptext26                  text26       0385
__ptext27                  text27       0024
__ptext28                  text28       0BE0
__ptext29                  text29       0C6A
__ptext3                   text3        0ACF
__ptext30                  text30       0B36
__ptext31                  text31       0B19
__ptext4                   text4        0BB9
__ptext5                   text5        0CA1
__ptext6                   text6        0CDD
__ptext7                   text7        0C09
__ptext8                   text8        0A7E
__ptext9                   text9        0D6B
__size_of_LCD_RS_SetHigh   (abs)        0000
__size_of_LCD_RS_SetLow    (abs)        0000
__size_of_LCD_RW_SetLow    (abs)        0000
__size_of__Umul8_16        (abs)        0000
__size_of___fladd          (abs)        0000
__size_of___flmul          (abs)        0000
__size_of___flsub          (abs)        0000
__size_of___fltol          (abs)        0000
__size_of___lwdiv          (abs)        0000
__size_of___lwmod          (abs)        0000
__size_of___wmul           (abs)        0000
__size_of___xxtofl         (abs)        0000
__size_of_adc_init_0       (abs)        0000
__size_of_adc_read_0       (abs)        0000
__size_of_debug_init       (abs)        0000
__size_of_debug_led_toggle (abs)        0000
__size_of_io_beep          (abs)        0000
__size_of_io_init          (abs)        0000
__size_of_io_led_toggle    (abs)        0000
__size_of_io_sw_pressed    (abs)        0000
__size_of_io_sw_read       (abs)        0000
__size_of_isdigit          (abs)        0000
__size_of_isr              (abs)        0000
__size_of_lcd_cursor       (abs)        0000
__size_of_lcd_goto         (abs)        0000
__size_of_lcd_init         (abs)        0000
__size_of_lcd_puts         (abs)        0000
__size_of_lcd_write        (abs)        0000
__size_of_lcd_write_nibble (abs)        0000
__size_of_main             (abs)        0000
__size_of_sprintf          (abs)        0000
__size_of_t0_init          (abs)        0000
__stringbase               strings      07E0
__stringtab                strings      07D1
_adc_init_0                text22       0B54
_adc_read_0                text21       0AE3
_contador                  bssBANK0     0067
_debug_init                text20       0A87
_debug_led_toggle          text31       0B19
_distancia                 bssBANK0     0065
_dpowers                   strings      07E1
_io_beep                   text19       0C36
_io_init                   text18       0A9D
_io_led_toggle             text17       0A82
_io_sw_pressed             text16       0AAC
_io_sw_read                text30       0B36
_isdigit                   text3        0ACF
_isdigit$780               cstackBANK0  0020
_isr                       text29       0C6A
_lcd_cursor                text12       0AFE
_lcd_goto                  text11       0ABD
_lcd_init                  text9        0D6B
_lcd_puts                  text7        0C09
_lcd_write                 text13       0B74
_lcd_write_nibble          text14       0D23
_main                      maintext     0EFB
_nRBPU                     (abs)        040F
_sprintf                   text2        060D
_swPressed                 bitbssCOMMON 03C0
_t0_init                   text1        0A91
adc_read_0@distancia       cstackBANK0  0022
btemp                      (abs)        007E
debug_led_toggle@led       cstackCOMMON 0070
end_of_initialization      cinit        0020
interrupt_function         intentry     0004
intlevel0                  functab      0000
intlevel1                  functab      0000
intlevel2                  functab      0000
intlevel3                  functab      0000
intlevel4                  functab      0000
intlevel5                  functab      0000
io_beep@period             cstackBANK0  0020
io_sw_read@port            cstackCOMMON 0071
io_sw_read@swNew           cstackCOMMON 0072
io_sw_read@swOld           dataCOMMON   0079
isdigit@c                  cstackBANK0  0021
isr@portB                  cstackCOMMON 0077
lcd_cursor@on              cstackBANK0  0024
lcd_goto@pos               cstackBANK0  0024
lcd_puts@s                 cstackBANK0  0024
lcd_write@c                cstackBANK0  0023
lcd_write_nibble@c         cstackBANK0  0021
main@message               cstackBANK0  005C
reset_vec                  reset_vec    0000
saved_w                    (abs)        007E
sprintf@ap                 cstackBANK0  0032
sprintf@c                  cstackBANK0  003A
sprintf@f                  cstackBANK0  002C
sprintf@flag               cstackBANK0  0036
sprintf@prec               cstackBANK0  0033
sprintf@sp                 cstackBANK0  0039
sprintf@val                cstackBANK0  0034
sprintf@width              cstackBANK0  0037
start                      init         0012
start_initialization       cinit        0015
wtemp0                     (abs)        007E


FUNCTION INFORMATION:

 *************** function _main *****************
 Defined at:
		line 84 in file "main.c"
 Parameters:    Size  Location     Type
		None
 Auto vars:     Size  Location     Type
  message         9   60[BANK0 ] unsigned char [9]
 Return value:  Size  Location     Type
                  1    wreg      void 
 Registers used:
		wreg, fsr0l, fsr0h, status,2, status,0, btemp+1, pclath, cstack
 Tracked objects:
		On entry : 
		On exit  : 
		Unchanged: 
 Data sizes:     COMMON   BANK0   BANK1   BANK3   BANK2
      Params:         0       0       0       0       0
      Locals:         0       9       0       0       0
      Temps:          0       2       0       0       0
      Totals:         0      11       0       0       0
Total ram usage:       11 bytes
 Hardware stack levels required when called:    5
 This function calls:
		___flmul
		___flsub
		___fltol
		___xxtofl
		_adc_init_0
		_adc_read_0
		_debug_init
		_io_beep
		_io_init
		_io_led_toggle
		_io_sw_pressed
		_lcd_cursor
		_lcd_goto
		_lcd_init
		_lcd_puts
		_sprintf
		_t0_init
 This function is called by:
		Startup code after reset
 This function uses a non-reentrant model


 *************** function _t0_init *****************
 Defined at:
		line 73 in file "main.c"
 Parameters:    Size  Location     Type
		None
 Auto vars:     Size  Location     Type
		None
 Return value:  Size  Location     Type
                  1    wreg      void 
 Registers used:
		wreg, status,2, status,0
 Tracked objects:
		On entry : 
		On exit  : 
		Unchanged: 
 Data sizes:     COMMON   BANK0   BANK1   BANK3   BANK2
      Params:         0       0       0       0       0
      Locals:         0       0       0       0       0
      Temps:          0       0       0       0       0
      Totals:         0       0       0       0       0
Total ram usage:        0 bytes
 Hardware stack levels used:    1
 Hardware stack levels required when called:    2
 This function calls:
		Nothing
 This function is called by:
		_main
 This function uses a non-reentrant model


 *************** function _sprintf *****************
 Defined at:
		line 505 in file "/opt/microchip/xc8/v2.20/pic/sources/c90/common/doprnt.c"
 Parameters:    Size  Location     Type
  sp              1    wreg     PTR unsigned char 
		 -> main@message(9), 
  f               1   12[BANK0 ] PTR const unsigned char 
		 -> STR_3(8), STR_2(5), 
 Auto vars:     Size  Location     Type
  sp              1   25[BANK0 ] PTR unsigned char 
		 -> main@message(9), 
  tmpval          4    0        struct .
  width           2   23[BANK0 ] int 
  val             2   20[BANK0 ] unsigned int 
  cp              2    0        PTR const unsigned char 
  len             2    0        unsigned int 
  c               1   26[BANK0 ] unsigned char 
  flag            1   22[BANK0 ] unsigned char 
  prec            1   19[BANK0 ] char 
  ap              1   18[BANK0 ] PTR void [1]
		 -> ?_sprintf(2), 
 Return value:  Size  Location     Type
                  2   12[BANK0 ] int 
 Registers used:
		wreg, fsr0l, fsr0h, status,2, status,0, btemp+1, pclath, cstack
 Tracked objects:
		On entry : 
		On exit  : 
		Unchanged: 
 Data sizes:     COMMON   BANK0   BANK1   BANK3   BANK2
      Params:         0       3       0       0       0
      Locals:         0       9       0       0       0
      Temps:          0       3       0       0       0
      Totals:         0      15       0       0       0
Total ram usage:       15 bytes
 Hardware stack levels used:    1
 Hardware stack levels required when called:    3
 This function calls:
		___lwdiv
		___lwmod
		___wmul
		_isdigit
 This function is called by:
		_main
 This function uses a non-reentrant model


 *************** function _isdigit *****************
 Defined at:
		line 8 in file "/opt/microchip/xc8/v2.20/pic/sources/c90/common/isdigit.c"
 Parameters:    Size  Location     Type
  c               1    wreg     unsigned char 
 Auto vars:     Size  Location     Type
  c               1    1[BANK0 ] unsigned char 
 Return value:  Size  Location     Type
		None               void
 Registers used:
		wreg, status,2, status,0
 Tracked objects:
		On entry : 
		On exit  : 
		Unchanged: 
 Data sizes:     COMMON   BANK0   BANK1   BANK3   BANK2
      Params:         0       0       0       0       0
      Locals:         0       2       0       0       0
      Temps:          0       0       0       0       0
      Totals:         0       2       0       0       0
Total ram usage:        2 bytes
 Hardware stack levels used:    1
 Hardware stack levels required when called:    2
 This function calls:
		Nothing
 This function is called by:
		_sprintf
 This function uses a non-reentrant model


 *************** function ___wmul *****************
 Defined at:
		line 15 in file "/opt/microchip/xc8/v2.20/pic/sources/c90/common/Umul16.c"
 Parameters:    Size  Location     Type
  multiplier      2    0[BANK0 ] unsigned int 
  multiplicand    2    2[BANK0 ] unsigned int 
 Auto vars:     Size  Location     Type
  product         2    4[BANK0 ] unsigned int 
 Return value:  Size  Location     Type
                  2    0[BANK0 ] unsigned int 
 Registers used:
		wreg, status,2, status,0
 Tracked objects:
		On entry : 
		On exit  : 
		Unchanged: 
 Data sizes:     COMMON   BANK0   BANK1   BANK3   BANK2
      Params:         0       4       0       0       0
      Locals:         0       2       0       0       0
      Temps:          0       0       0       0       0
      Totals:         0       6       0       0       0
Total ram usage:        6 bytes
 Hardware stack levels used:    1
 Hardware stack levels required when called:    2
 This function calls:
		Nothing
 This function is called by:
		_sprintf
 This function uses a non-reentrant model


 *************** function ___lwmod *****************
 Defined at:
		line 5 in file "/opt/microchip/xc8/v2.20/pic/sources/c90/common/lwmod.c"
 Parameters:    Size  Location     Type
  divisor         2    7[BANK0 ] unsigned int 
  dividend        2    9[BANK0 ] unsigned int 
 Auto vars:     Size  Location     Type
  counter         1   11[BANK0 ] unsigned char 
 Return value:  Size  Location     Type
                  2    7[BANK0 ] unsigned int 
 Registers used:
		wreg, status,2, status,0, btemp+1
 Tracked objects:
		On entry : 
		On exit  : 
		Unchanged: 
 Data sizes:     COMMON   BANK0   BANK1   BANK3   BANK2
      Params:         0       4       0       0       0
      Locals:         0       1       0       0       0
      Temps:          0       0       0       0       0
      Totals:         0       5       0       0       0
Total ram usage:        5 bytes
 Hardware stack levels used:    1
 Hardware stack levels required when called:    2
 This function calls:
		Nothing
 This function is called by:
		_sprintf
 This function uses a non-reentrant model


 *************** function ___lwdiv *****************
 Defined at:
		line 5 in file "/opt/microchip/xc8/v2.20/pic/sources/c90/common/lwdiv.c"
 Parameters:    Size  Location     Type
  divisor         2    0[BANK0 ] unsigned int 
  dividend        2    2[BANK0 ] unsigned int 
 Auto vars:     Size  Location     Type
  quotient        2    4[BANK0 ] unsigned int 
  counter         1    6[BANK0 ] unsigned char 
 Return value:  Size  Location     Type
                  2    0[BANK0 ] unsigned int 
 Registers used:
		wreg, status,2, status,0, btemp+1
 Tracked objects:
		On entry : 
		On exit  : 
		Unchanged: 
 Data sizes:     COMMON   BANK0   BANK1   BANK3   BANK2
      Params:         0       4       0       0       0
      Locals:         0       3       0       0       0
      Temps:          0       0       0       0       0
      Totals:         0       7       0       0       0
Total ram usage:        7 bytes
 Hardware stack levels used:    1
 Hardware stack levels required when called:    2
 This function calls:
		Nothing
 This function is called by:
		_sprintf
 This function uses a non-reentrant model


 *************** function _lcd_puts *****************
 Defined at:
		line 52 in file "lcd.c"
 Parameters:    Size  Location     Type
  s               2    4[BANK0 ] PTR const unsigned char 
		 -> main@message(9), STR_1(8), 
 Auto vars:     Size  Location     Type
		None
 Return value:  Size  Location     Type
                  1    wreg      void 
 Registers used:
		wreg, fsr0l, fsr0h, status,2, status,0, btemp+1, pclath, cstack
 Tracked objects:
		On entry : 
		On exit  : 
		Unchanged: 
 Data sizes:     COMMON   BANK0   BANK1   BANK3   BANK2
      Params:         0       2       0       0       0
      Locals:         0       0       0       0       0
      Temps:          0       0       0       0       0
      Totals:         0       2       0       0       0
Total ram usage:        2 bytes
 Hardware stack levels used:    1
 Hardware stack levels required when called:    4
 This function calls:
		_LCD_RS_SetHigh
		_lcd_write
 This function is called by:
		_main
 This function uses a non-reentrant model


 *************** function _LCD_RS_SetHigh *****************
 Defined at:
		line 24 in file "lcd.c"
 Parameters:    Size  Location     Type
		None
 Auto vars:     Size  Location     Type
		None
 Return value:  Size  Location     Type
                  1    wreg      void 
 Registers used:
		None
 Tracked objects:
		On entry : 
		On exit  : 
		Unchanged: 
 Data sizes:     COMMON   BANK0   BANK1   BANK3   BANK2
      Params:         0       0       0       0       0
      Locals:         0       0       0       0       0
      Temps:          0       0       0       0       0
      Totals:         0       0       0       0       0
Total ram usage:        0 bytes
 Hardware stack levels used:    1
 Hardware stack levels required when called:    2
 This function calls:
		Nothing
 This function is called by:
		_lcd_puts
		_lcd_putchar
 This function uses a non-reentrant model


 *************** function _lcd_init *****************
 Defined at:
		line 84 in file "lcd.c"
 Parameters:    Size  Location     Type
		None
 Auto vars:     Size  Location     Type
		None
 Return value:  Size  Location     Type
                  1    wreg      void 
 Registers used:
		wreg, status,2, status,0, btemp+1, pclath, cstack
 Tracked objects:
		On entry : 
		On exit  : 
		Unchanged: 
 Data sizes:     COMMON   BANK0   BANK1   BANK3   BANK2
      Params:         0       0       0       0       0
      Locals:         0       0       0       0       0
      Temps:          0       2       0       0       0
      Totals:         0       2       0       0       0
Total ram usage:        2 bytes
 Hardware stack levels used:    1
 Hardware stack levels required when called:    4
 This function calls:
		_LCD_RS_SetLow
		_LCD_RW_SetLow
		_lcd_write
 This function is called by:
		_main
 This function uses a non-reentrant model


 *************** function _LCD_RW_SetLow *****************
 Defined at:
		line 25 in file "lcd.c"
 Parameters:    Size  Location     Type
		None
 Auto vars:     Size  Location     Type
		None
 Return value:  Size  Location     Type
                  1    wreg      void 
 Registers used:
		None
 Tracked objects:
		On entry : 
		On exit  : 
		Unchanged: 
 Data sizes:     COMMON   BANK0   BANK1   BANK3   BANK2
      Params:         0       0       0       0       0
      Locals:         0       0       0       0       0
      Temps:          0       0       0       0       0
      Totals:         0       0       0       0       0
Total ram usage:        0 bytes
 Hardware stack levels used:    1
 Hardware stack levels required when called:    2
 This function calls:
		Nothing
 This function is called by:
		_lcd_init
 This function uses a non-reentrant model


 *************** function _lcd_goto *****************
 Defined at:
		line 59 in file "lcd.c"
 Parameters:    Size  Location     Type
  pos             1    wreg     unsigned char 
 Auto vars:     Size  Location     Type
  pos             1    4[BANK0 ] unsigned char 
 Return value:  Size  Location     Type
                  1    wreg      void 
 Registers used:
		wreg, status,2, status,0, pclath, cstack
 Tracked objects:
		On entry : 
		On exit  : 
		Unchanged: 
 Data sizes:     COMMON   BANK0   BANK1   BANK3   BANK2
      Params:         0       0       0       0       0
      Locals:         0       1       0       0       0
      Temps:          0       0       0       0       0
      Totals:         0       1       0       0       0
Total ram usage:        1 bytes
 Hardware stack levels used:    1
 Hardware stack levels required when called:    4
 This function calls:
		_LCD_RS_SetLow
		_lcd_write
 This function is called by:
		_main
 This function uses a non-reentrant model


 *************** function _lcd_cursor *****************
 Defined at:
		line 68 in file "lcd.c"
 Parameters:    Size  Location     Type
  on              2    4[BANK0 ] int 
 Auto vars:     Size  Location     Type
		None
 Return value:  Size  Location     Type
                  1    wreg      void 
 Registers used:
		wreg, status,2, status,0, pclath, cstack
 Tracked objects:
		On entry : 
		On exit  : 
		Unchanged: 
 Data sizes:     COMMON   BANK0   BANK1   BANK3   BANK2
      Params:         0       2       0       0       0
      Locals:         0       0       0       0       0
      Temps:          0       0       0       0       0
      Totals:         0       2       0       0       0
Total ram usage:        2 bytes
 Hardware stack levels used:    1
 Hardware stack levels required when called:    4
 This function calls:
		_LCD_RS_SetLow
		_lcd_write
 This function is called by:
		_main
 This function uses a non-reentrant model


 *************** function _lcd_write *****************
 Defined at:
		line 38 in file "lcd.c"
 Parameters:    Size  Location     Type
  c               1    wreg     unsigned char 
 Auto vars:     Size  Location     Type
  c               1    3[BANK0 ] unsigned char 
 Return value:  Size  Location     Type
                  1    wreg      void 
 Registers used:
		wreg, status,2, status,0, pclath, cstack
 Tracked objects:
		On entry : 
		On exit  : 
		Unchanged: 
 Data sizes:     COMMON   BANK0   BANK1   BANK3   BANK2
      Params:         0       0       0       0       0
      Locals:         0       1       0       0       0
      Temps:          0       1       0       0       0
      Totals:         0       2       0       0       0
Total ram usage:        2 bytes
 Hardware stack levels used:    1
 Hardware stack levels required when called:    3
 This function calls:
		_lcd_write_nibble
 This function is called by:
		_lcd_puts
		_lcd_goto
		_lcd_cursor
		_lcd_init
		_lcd_clear
		_lcd_putchar
 This function uses a non-reentrant model


 *************** function _lcd_write_nibble *****************
 Defined at:
		line 28 in file "lcd.c"
 Parameters:    Size  Location     Type
  c               1    wreg     unsigned char 
 Auto vars:     Size  Location     Type
  c               1    1[BANK0 ] unsigned char 
 Return value:  Size  Location     Type
                  1    wreg      void 
 Registers used:
		wreg, status,2, status,0
 Tracked objects:
		On entry : 
		On exit  : 
		Unchanged: 
 Data sizes:     COMMON   BANK0   BANK1   BANK3   BANK2
      Params:         0       0       0       0       0
      Locals:         0       1       0       0       0
      Temps:          0       1       0       0       0
      Totals:         0       2       0       0       0
Total ram usage:        2 bytes
 Hardware stack levels used:    1
 Hardware stack levels required when called:    2
 This function calls:
		Nothing
 This function is called by:
		_lcd_write
 This function uses a non-reentrant model


 *************** function _LCD_RS_SetLow *****************
 Defined at:
		line 23 in file "lcd.c"
 Parameters:    Size  Location     Type
		None
 Auto vars:     Size  Location     Type
		None
 Return value:  Size  Location     Type
                  1    wreg      void 
 Registers used:
		None
 Tracked objects:
		On entry : 
		On exit  : 
		Unchanged: 
 Data sizes:     COMMON   BANK0   BANK1   BANK3   BANK2
      Params:         0       0       0       0       0
      Locals:         0       0       0       0       0
      Temps:          0       0       0       0       0
      Totals:         0       0       0       0       0
Total ram usage:        0 bytes
 Hardware stack levels used:    1
 Hardware stack levels required when called:    2
 This function calls:
		Nothing
 This function is called by:
		_lcd_goto
		_lcd_cursor
		_lcd_init
		_lcd_clear
 This function uses a non-reentrant model


 *************** function _io_sw_pressed *****************
 Defined at:
		line 58 in file "io.c"
 Parameters:    Size  Location     Type
		None
 Auto vars:     Size  Location     Type
		None
 Return value:  Size  Location     Type
                  2    0[BANK0 ] int 
 Registers used:
		wreg, status,2
 Tracked objects:
		On entry : 
		On exit  : 
		Unchanged: 
 Data sizes:     COMMON   BANK0   BANK1   BANK3   BANK2
      Params:         0       2       0       0       0
      Locals:         0       0       0       0       0
      Temps:          0       0       0       0       0
      Totals:         0       2       0       0       0
Total ram usage:        2 bytes
 Hardware stack levels used:    1
 Hardware stack levels required when called:    2
 This function calls:
		Nothing
 This function is called by:
		_main
 This function uses a non-reentrant model


 *************** function _io_led_toggle *****************
 Defined at:
		line 36 in file "io.c"
 Parameters:    Size  Location     Type
		None
 Auto vars:     Size  Location     Type
		None
 Return value:  Size  Location     Type
                  1    wreg      void 
 Registers used:
		wreg
 Tracked objects:
		On entry : 
		On exit  : 
		Unchanged: 
 Data sizes:     COMMON   BANK0   BANK1   BANK3   BANK2
      Params:         0       0       0       0       0
      Locals:         0       0       0       0       0
      Temps:          0       0       0       0       0
      Totals:         0       0       0       0       0
Total ram usage:        0 bytes
 Hardware stack levels used:    1
 Hardware stack levels required when called:    2
 This function calls:
		Nothing
 This function is called by:
		_main
 This function uses a non-reentrant model


 *************** function _io_init *****************
 Defined at:
		line 17 in file "io.c"
 Parameters:    Size  Location     Type
		None
 Auto vars:     Size  Location     Type
		None
 Return value:  Size  Location     Type
                  1    wreg      void 
 Registers used:
		None
 Tracked objects:
		On entry : 
		On exit  : 
		Unchanged: 
 Data sizes:     COMMON   BANK0   BANK1   BANK3   BANK2
      Params:         0       0       0       0       0
      Locals:         0       0       0       0       0
      Temps:          0       0       0       0       0
      Totals:         0       0       0       0       0
Total ram usage:        0 bytes
 Hardware stack levels used:    1
 Hardware stack levels required when called:    2
 This function calls:
		Nothing
 This function is called by:
		_main
 This function uses a non-reentrant model


 *************** function _io_beep *****************
 Defined at:
		line 40 in file "io.c"
 Parameters:    Size  Location     Type
  period          2    0[BANK0 ] int 
 Auto vars:     Size  Location     Type
		None
 Return value:  Size  Location     Type
                  1    wreg      void 
 Registers used:
		wreg, btemp+1
 Tracked objects:
		On entry : 
		On exit  : 
		Unchanged: 
 Data sizes:     COMMON   BANK0   BANK1   BANK3   BANK2
      Params:         0       2       0       0       0
      Locals:         0       0       0       0       0
      Temps:          0       2       0       0       0
      Totals:         0       4       0       0       0
Total ram usage:        4 bytes
 Hardware stack levels used:    1
 Hardware stack levels required when called:    2
 This function calls:
		Nothing
 This function is called by:
		_main
 This function uses a non-reentrant model


 *************** function _debug_init *****************
 Defined at:
		line 14 in file "debug.c"
 Parameters:    Size  Location     Type
		None
 Auto vars:     Size  Location     Type
		None
 Return value:  Size  Location     Type
                  1    wreg      void 
 Registers used:
		None
 Tracked objects:
		On entry : 
		On exit  : 
		Unchanged: 
 Data sizes:     COMMON   BANK0   BANK1   BANK3   BANK2
      Params:         0       0       0       0       0
      Locals:         0       0       0       0       0
      Temps:          0       0       0       0       0
      Totals:         0       0       0       0       0
Total ram usage:        0 bytes
 Hardware stack levels used:    1
 Hardware stack levels required when called:    2
 This function calls:
		Nothing
 This function is called by:
		_main
 This function uses a non-reentrant model


 *************** function _adc_read_0 *****************
 Defined at:
		line 29 in file "adc.c"
 Parameters:    Size  Location     Type
		None
 Auto vars:     Size  Location     Type
  distancia       2    2[BANK0 ] int 
 Return value:  Size  Location     Type
                  2    0[BANK0 ] unsigned int 
 Registers used:
		wreg, status,2
 Tracked objects:
		On entry : 
		On exit  : 
		Unchanged: 
 Data sizes:     COMMON   BANK0   BANK1   BANK3   BANK2
      Params:         0       2       0       0       0
      Locals:         0       2       0       0       0
      Temps:          0       0       0       0       0
      Totals:         0       4       0       0       0
Total ram usage:        4 bytes
 Hardware stack levels used:    1
 Hardware stack levels required when called:    2
 This function calls:
		Nothing
 This function is called by:
		_main
 This function uses a non-reentrant model


 *************** function _adc_init_0 *****************
 Defined at:
		line 14 in file "adc.c"
 Parameters:    Size  Location     Type
		None
 Auto vars:     Size  Location     Type
		None
 Return value:  Size  Location     Type
                  1    wreg      void 
 Registers used:
		wreg, status,2, status,0
 Tracked objects:
		On entry : 
		On exit  : 
		Unchanged: 
 Data sizes:     COMMON   BANK0   BANK1   BANK3   BANK2
      Params:         0       0       0       0       0
      Locals:         0       0       0       0       0
      Temps:          0       1       0       0       0
      Totals:         0       1       0       0       0
Total ram usage:        1 bytes
 Hardware stack levels used:    1
 Hardware stack levels required when called:    2
 This function calls:
		Nothing
 This function is called by:
		_main
 This function uses a non-reentrant model


 *************** function ___xxtofl *****************
 Defined at:
		line 10 in file "/opt/microchip/xc8/v2.20/pic/sources/c90/common/xxtofl.c"
 Parameters:    Size  Location     Type
  sign            1    wreg     unsigned char 
  val             4    0[BANK0 ] long 
 Auto vars:     Size  Location     Type
  sign            1    8[BANK0 ] unsigned char 
  arg             4   10[BANK0 ] unsigned long 
  exp             1    9[BANK0 ] unsigned char 
 Return value:  Size  Location     Type
                  4    0[BANK0 ] unsigned char 
 Registers used:
		wreg, status,2, status,0, btemp+1
 Tracked objects:
		On entry : 
		On exit  : 
		Unchanged: 
 Data sizes:     COMMON   BANK0   BANK1   BANK3   BANK2
      Params:         0       4       0       0       0
      Locals:         0       6       0       0       0
      Temps:          0       4       0       0       0
      Totals:         0      14       0       0       0
Total ram usage:       14 bytes
 Hardware stack levels used:    1
 Hardware stack levels required when called:    2
 This function calls:
		Nothing
 This function is called by:
		_main
 This function uses a non-reentrant model


 *************** function ___fltol *****************
 Defined at:
		line 43 in file "/opt/microchip/xc8/v2.20/pic/sources/c90/common/fltol.c"
 Parameters:    Size  Location     Type
  f1              4   48[BANK0 ] unsigned char 
 Auto vars:     Size  Location     Type
  exp1            1   57[BANK0 ] unsigned char 
  sign1           1   56[BANK0 ] unsigned char 
 Return value:  Size  Location     Type
                  4   48[BANK0 ] long 
 Registers used:
		wreg, status,2, status,0, btemp+1
 Tracked objects:
		On entry : 
		On exit  : 
		Unchanged: 
 Data sizes:     COMMON   BANK0   BANK1   BANK3   BANK2
      Params:         0       4       0       0       0
      Locals:         0       2       0       0       0
      Temps:          0       4       0       0       0
      Totals:         0      10       0       0       0
Total ram usage:       10 bytes
 Hardware stack levels used:    1
 Hardware stack levels required when called:    2
 This function calls:
		Nothing
 This function is called by:
		_main
 This function uses a non-reentrant model


 *************** function ___flsub *****************
 Defined at:
		line 242 in file "/opt/microchip/xc8/v2.20/pic/sources/c90/common/sprcadd.c"
 Parameters:    Size  Location     Type
  a               4   40[BANK0 ] long 
  b               4   44[BANK0 ] long 
 Auto vars:     Size  Location     Type
		None
 Return value:  Size  Location     Type
                  4   40[BANK0 ] long 
 Registers used:
		wreg, status,2, status,0, btemp+1, pclath, cstack
 Tracked objects:
		On entry : 
		On exit  : 
		Unchanged: 
 Data sizes:     COMMON   BANK0   BANK1   BANK3   BANK2
      Params:         0       8       0       0       0
      Locals:         0       0       0       0       0
      Temps:          0       0       0       0       0
      Totals:         0       8       0       0       0
Total ram usage:        8 bytes
 Hardware stack levels used:    1
 Hardware stack levels required when called:    3
 This function calls:
		___fladd
 This function is called by:
		_main
 This function uses a non-reentrant model


 *************** function ___fladd *****************
 Defined at:
		line 10 in file "/opt/microchip/xc8/v2.20/pic/sources/c90/common/sprcadd.c"
 Parameters:    Size  Location     Type
  b               4    0[BANK0 ] long 
  a               4    4[BANK0 ] long 
 Auto vars:     Size  Location     Type
  grs             1   19[BANK0 ] unsigned char 
  bexp            1   18[BANK0 ] unsigned char 
  aexp            1   17[BANK0 ] unsigned char 
  signs           1   16[BANK0 ] unsigned char 
 Return value:  Size  Location     Type
                  4    0[BANK0 ] unsigned char 
 Registers used:
		wreg, status,2, status,0, btemp+1
 Tracked objects:
		On entry : 
		On exit  : 
		Unchanged: 
 Data sizes:     COMMON   BANK0   BANK1   BANK3   BANK2
      Params:         0       8       0       0       0
      Locals:         0       4       0       0       0
      Temps:          0       8       0       0       0
      Totals:         0      20       0       0       0
Total ram usage:       20 bytes
 Hardware stack levels used:    1
 Hardware stack levels required when called:    2
 This function calls:
		Nothing
 This function is called by:
		___flsub
 This function uses a non-reentrant model


 *************** function ___flmul *****************
 Defined at:
		line 8 in file "/opt/microchip/xc8/v2.20/pic/sources/c90/common/sprcmul.c"
 Parameters:    Size  Location     Type
  b               4   14[BANK0 ] unsigned char 
  a               4   18[BANK0 ] unsigned char 
 Auto vars:     Size  Location     Type
  prod            4   34[BANK0 ] struct .
  grs             4   28[BANK0 ] unsigned long 
  temp            2   38[BANK0 ] struct .
  bexp            1   33[BANK0 ] unsigned char 
  aexp            1   32[BANK0 ] unsigned char 
  sign            1   27[BANK0 ] unsigned char 
 Return value:  Size  Location     Type
                  4   14[BANK0 ] unsigned char 
 Registers used:
		wreg, status,2, status,0, btemp+1, pclath, cstack
 Tracked objects:
		On entry : 
		On exit  : 
		Unchanged: 
 Data sizes:     COMMON   BANK0   BANK1   BANK3   BANK2
      Params:         0       8       0       0       0
      Locals:         0      13       0       0       0
      Temps:          0       5       0       0       0
      Totals:         0      26       0       0       0
Total ram usage:       26 bytes
 Hardware stack levels used:    1
 Hardware stack levels required when called:    3
 This function calls:
		__Umul8_16
 This function is called by:
		_main
 This function uses a non-reentrant model


 *************** function __Umul8_16 *****************
 Defined at:
		line 4 in file "/opt/microchip/xc8/v2.20/pic/sources/c90/common/Umul8_16.c"
 Parameters:    Size  Location     Type
  multiplier      1    wreg     unsigned char 
  multiplicand    1    0[BANK0 ] unsigned char 
 Auto vars:     Size  Location     Type
  multiplier      1    8[BANK0 ] unsigned char 
  word_mpld       2    6[BANK0 ] unsigned int 
  product         2    4[BANK0 ] unsigned int 
 Return value:  Size  Location     Type
                  2    0[BANK0 ] unsigned int 
 Registers used:
		wreg, status,2, status,0
 Tracked objects:
		On entry : 
		On exit  : 
		Unchanged: 
 Data sizes:     COMMON   BANK0   BANK1   BANK3   BANK2
      Params:         0       2       0       0       0
      Locals:         0       5       0       0       0
      Temps:          0       2       0       0       0
      Totals:         0       9       0       0       0
Total ram usage:        9 bytes
 Hardware stack levels used:    1
 Hardware stack levels required when called:    2
 This function calls:
		Nothing
 This function is called by:
		___flmul
 This function uses a non-reentrant model


 *************** function _isr *****************
 Defined at:
		line 47 in file "main.c"
 Parameters:    Size  Location     Type
		None
 Auto vars:     Size  Location     Type
  portB           1    7[COMMON] unsigned char 
 Return value:  Size  Location     Type
                  1    wreg      void 
 Registers used:
		wreg, fsr0l, fsr0h, status,2, status,0, btemp+1, pclath, cstack
 Tracked objects:
		On entry : 
		On exit  : 
		Unchanged: 
 Data sizes:     COMMON   BANK0   BANK1   BANK3   BANK2
      Params:         0       0       0       0       0
      Locals:         1       0       0       0       0
      Temps:          4       0       0       0       0
      Totals:         5       0       0       0       0
Total ram usage:        5 bytes
 Hardware stack levels used:    1
 Hardware stack levels required when called:    1
 This function calls:
		_debug_led_toggle
		_io_sw_read
 This function is called by:
		Interrupt level 1
 This function uses a non-reentrant model


 *************** function _io_sw_read *****************
 Defined at:
		line 49 in file "io.c"
 Parameters:    Size  Location     Type
  port            1    wreg     unsigned char 
 Auto vars:     Size  Location     Type
  port            1    1[COMMON] unsigned char 
  swNew           1    2[COMMON] unsigned char 
 Return value:  Size  Location     Type
                  1    wreg      void 
 Registers used:
		wreg, status,2, status,0, btemp+1
 Tracked objects:
		On entry : 
		On exit  : 
		Unchanged: 
 Data sizes:     COMMON   BANK0   BANK1   BANK3   BANK2
      Params:         0       0       0       0       0
      Locals:         2       0       0       0       0
      Temps:          1       0       0       0       0
      Totals:         3       0       0       0       0
Total ram usage:        3 bytes
 Hardware stack levels used:    1
 This function calls:
		Nothing
 This function is called by:
		_isr
 This function uses a non-reentrant model


 *************** function _debug_led_toggle *****************
 Defined at:
		line 55 in file "debug.c"
 Parameters:    Size  Location     Type
  led             1    wreg     unsigned char 
 Auto vars:     Size  Location     Type
  led             1    0[COMMON] unsigned char 
 Return value:  Size  Location     Type
                  1    wreg      void 
 Registers used:
		wreg, fsr0l, fsr0h, status,2, status,0
 Tracked objects:
		On entry : 
		On exit  : 
		Unchanged: 
 Data sizes:     COMMON   BANK0   BANK1   BANK3   BANK2
      Params:         0       0       0       0       0
      Locals:         1       0       0       0       0
      Temps:          0       0       0       0       0
      Totals:         1       0       0       0       0
Total ram usage:        1 bytes
 Hardware stack levels used:    1
 This function calls:
		Nothing
 This function is called by:
		_isr
 This function uses a non-reentrant model



MODULE INFORMATION

Module		Function		Class		Link	Load	Size
/opt/microchip/xc8/v2.20/pic/sources/c90/common/sprcmul.c
		___flmul       		CODE           	0024	0000	866

/opt/microchip/xc8/v2.20/pic/sources/c90/common/sprcmul.c estimated size: 866

/opt/microchip/xc8/v2.20/pic/sources/c90/common/doprnt.c
		_sprintf       		CODE           	060D	0000	453

/opt/microchip/xc8/v2.20/pic/sources/c90/common/doprnt.c estimated size: 453

/opt/microchip/xc8/v2.20/pic/sources/c90/common/lwdiv.c
		___lwdiv       		CODE           	0CDD	0000	71

/opt/microchip/xc8/v2.20/pic/sources/c90/common/lwdiv.c estimated size: 71

/opt/microchip/xc8/v2.20/pic/sources/c90/common/Umul16.c
		___wmul        		CODE           	0BB9	0000	40

/opt/microchip/xc8/v2.20/pic/sources/c90/common/Umul16.c estimated size: 40

io.c
		_io_sw_read    		CODE           	0B36	0000	31
		_io_led_toggle 		CODE           	0A82	0000	6
		_io_beep       		CODE           	0C36	0000	53
		_io_init       		CODE           	0A9D	0000	16
		_io_sw_pressed 		CODE           	0AAC	0000	18

io.c estimated size: 124

debug.c
		_debug_init    		CODE           	0A87	0000	11
		_debug_led_toggle		CODE           	0B19	0000	30

debug.c estimated size: 41

adc.c
		_adc_read_0    		CODE           	0AE3	0000	28
		_adc_init_0    		CODE           	0B54	0000	33

adc.c estimated size: 61

/opt/microchip/xc8/v2.20/pic/sources/c90/common/isdigit.c
		_isdigit       		CODE           	0ACF	0000	21

/opt/microchip/xc8/v2.20/pic/sources/c90/common/isdigit.c estimated size: 21

/opt/microchip/xc8/v2.20/pic/sources/c90/common/sprcadd.c
		___flsub       		CODE           	0B95	0000	37
		___fladd       		CODE           	0385	0000	649

/opt/microchip/xc8/v2.20/pic/sources/c90/common/sprcadd.c estimated size: 686

shared
		__stringtab    		STRING         	07D1	0000	17
		_dpowers       		STRING         	07E1	0000	11
		__initialization		CODE           	0015	0000	12

shared estimated size: 40

/opt/microchip/xc8/v2.20/pic/sources/c90/common/xxtofl.c
		___xxtofl      		CODE           	0E3F	0000	189

/opt/microchip/xc8/v2.20/pic/sources/c90/common/xxtofl.c estimated size: 189

lcd.c
		_lcd_puts      		CODE           	0C09	0000	46
		_lcd_goto      		CODE           	0ABD	0000	19
		_lcd_cursor    		CODE           	0AFE	0000	28
		_LCD_RS_SetLow 		CODE           	0A76	0000	5
		_LCD_RS_SetHigh		CODE           	0A7E	0000	5
		_lcd_write     		CODE           	0B74	0000	34
		_lcd_write_nibble		CODE           	0D23	0000	73
		_LCD_RW_SetLow 		CODE           	0A7A	0000	5
		_lcd_init      		CODE           	0D6B	0000	89

lcd.c estimated size: 304

/opt/microchip/xc8/v2.20/pic/sources/c90/common/lwmod.c
		___lwmod       		CODE           	0CA1	0000	61

/opt/microchip/xc8/v2.20/pic/sources/c90/common/lwmod.c estimated size: 61

/opt/microchip/xc8/v2.20/pic/sources/c90/common/Umul8_16.c
		__Umul8_16     		CODE           	0BE0	0000	42

/opt/microchip/xc8/v2.20/pic/sources/c90/common/Umul8_16.c estimated size: 42

main.c
		_main          		CODE           	0EFB	0000	262
		_t0_init       		CODE           	0A91	0000	13
		_isr           		CODE           	0C6A	0000	56

main.c estimated size: 331

/opt/microchip/xc8/v2.20/pic/sources/c90/common/fltol.c
		___fltol       		CODE           	0DC3	0000	125

/opt/microchip/xc8/v2.20/pic/sources/c90/common/fltol.c estimated size: 125

