Microchip MPLAB XC8 Compiler V2.20

Linker command line:

-W-3 --edf=/opt/microchip/xc8/v2.20/pic/dat/en_msgs.txt -cn \
  -h+dist/default/production/Lab2020.X.production.sym \
  --cmf=dist/default/production/Lab2020.X.production.cmf -z -Q16F886 \
  -o/tmp/xcXEKDoPL --defsym=__MPLAB_BUILD=1 \
  -Mdist/default/production/Lab2020.X.production.map -E1 -ver=XC8 Compiler \
  --acfsm=1493 -ASTACK=0110h-016Fh -pstack=STACK -ACODE=00h-07FFhx4 \
  -ASTRCODE=00h-01FFFh -ASTRING=00h-0FFhx32 -ACONST=00h-0FFhx32 \
  -AENTRY=00h-0FFhx32 -ACOMMON=070h-07Fh -ABANK0=020h-06Fh \
  -ABANK1=0A0h-0EFh -ABANK2=0110h-016Fh -ABANK3=0190h-01EFh \
  -ARAM=020h-06Fh,0A0h-0EFh,0110h-016Fh,0190h-01EFh \
  -AABS1=020h-07Fh,0A0h-0EFh,0110h-016Fh,0190h-01EFh -ASFR0=00h-01Fh \
  -ASFR1=080h-09Fh -ASFR2=0100h-010Fh -ASFR3=0180h-018Fh \
  -ACONFIG=02007h-02008h -DCONFIG=2 -AIDLOC=02000h-02003h -DIDLOC=2 \
  -preset_vec=00h,intentry=04h,init,end_init -ppowerup=CODE -pcinit=CODE \
  -pfunctab=ENTRY -AEEDATA=00h-0FFh/02100h -peeprom_data=EEDATA -DEEDATA=2 \
  -DCODE=2 -DSTRCODE=2 -DSTRING=2 -DCONST=2 -DENTRY=2 -k /tmp/xcXCNcGHA.o \
  dist/default/production/Lab2020.X.production.o 

Object code version is 3.11

Machine type is 16F886



                Name                               Link     Load   Length Selector   Space Scale
/tmp/xcXCNcGHA.o
                end_init                             16       16        3        8       0
                reset_vec                             0        0        3        0       0
                config                             2007     2007        2        0       4
dist/default/production/Lab2020.X.production.o
                cinit                                19       19       16        8       0
                intentry                              4        4       12        8       0
                eeprom_data                           0     2100       10     4200       3
                config                             2007     2007        2        0       4
                text49                             1190     1190      1DD     2320       0
                text48                             196F     196F       1D     32DE       0
                text47                             19AD     19AD       22     335A       0
                text46                             1B9D     1B9D       4E     373A       0
                text45                             1F5E     1F5E       A2     3EBC       0
                text44                             18FB     18FB        B     31F6       0
                text43                             1578     1578      288     2AF0       0
                text42                             19CF     19CF       24     339E       0
                text41                             1EE2     1EE2       7C     3DC4       0
                text40                             1D9C     1D9C       66     3B38       0
                text39                             1C39     1C39       56     3872       0
                text38                             19F3     19F3       25     33E6       0
                text37                             1019     1019       BA     2032       0
                text36                              733      733       BE        8       0
                text35                             10D3     10D3       BD     21A6       0
                text34                             1A18     1A18       27     3430       0
                text33                              C9F      C9F      361     193E       0
                text32                             1B13     1B13       44     3626       0
                text31                             1A9E     1A9E       3A     353C       0
                text30                             136D     136D      20B     26DA       0
                text29                             1E02     1E02       67     3C04       0
                text28                             1CE7     1CE7       59     39CE       0
                text27                              940      940      35F     1280       0
                text26                               2F       2F      704        8       0
                text25                             18D0     18D0        4     31A0       0
                text24                             1B57     1B57       46     36AE       0
                text23                             1954     1954       1B     32A8       0
                text22                             1912     1912        E     3224       0
                text21                             18D4     18D4        4     31A8       0
                text20                             1A3F     1A3F       2B     347E       0
                text19                              81B      81B      125     1036       0
                text18                             18F1     18F1        A     31E2       0
                text17                             1A6A     1A6A       34     34D4       0
                text16                             1920     1920        F     3240       0
                text15                             18E4     18E4        5     31C8       0
                text14                             1941     1941       13     3282       0
                text13                             18D8     18D8        4     31B0       0
                text12                             1BEB     1BEB       4E     37D6       0
                text11                             198C     198C       21     3318       0
                text10                             1003     1003       16     2006       0
                text9                               800      800       1B     1000       0
                text8                              192F     192F       12     325E       0
                text7                              18DC     18DC        4     31B8       0
                text6                              1C8F     1C8F       58     391E       0
                text5                              18E0     18E0        4     31C0       0
                text4                              1AD8     1AD8       3B     35B0       0
                text3                              1D40     1D40       5C     3A80       0
                text2                               7F1      7F1        F        8       0
                text1                              1906     1906        C     320C       0
                maintext                           1E69     1E69       79     3CD2       0
                cstackBANK0                          20       20       4F       20       1
                cstackCOMMON                         70       70        E       70       1
                cstackBANK1                          A0       A0       33       A0       1
                cstackBANK3                         190      190        A      190       1
                clrtext                            18E9     18E9        8     31D2       0
                dataBANK1                            EF       EF        1       A0       1
                bssBANK1                             D3       D3       1A       A0       1
                bitbssBANK1                         770       EE        1       A0       1     8
                nvBANK1                              ED       ED        1       A0       1
                strings                            1800     1800       B0     3000       0
                idataBANK1                            3        3        1        0       0

TOTAL           Name                               Link     Load   Length     Space
        CLASS   STACK          

        CLASS   CODE           
                end_init                             16       16        3         0
                cinit                                19       19       16         0
                intentry                              4        4       12         0
                reset_vec                             0        0        3         0
                text49                             1190     1190      1DD         0
                text48                             196F     196F       1D         0
                text47                             19AD     19AD       22         0
                text46                             1B9D     1B9D       4E         0
                text45                             1F5E     1F5E       A2         0
                text44                             18FB     18FB        B         0
                text43                             1578     1578      288         0
                text42                             19CF     19CF       24         0
                text41                             1EE2     1EE2       7C         0
                text40                             1D9C     1D9C       66         0
                text39                             1C39     1C39       56         0
                text38                             19F3     19F3       25         0
                text37                             1019     1019       BA         0
                text36                              733      733       BE         0
                text35                             10D3     10D3       BD         0
                text34                             1A18     1A18       27         0
                text33                              C9F      C9F      361         0
                text32                             1B13     1B13       44         0
                text31                             1A9E     1A9E       3A         0
                text30                             136D     136D      20B         0
                text29                             1E02     1E02       67         0
                text28                             1CE7     1CE7       59         0
                text27                              940      940      35F         0
                text26                               2F       2F      704         0
                text25                             18D0     18D0        4         0
                text24                             1B57     1B57       46         0
                text23                             1954     1954       1B         0
                text22                             1912     1912        E         0
                text21                             18D4     18D4        4         0
                text20                             1A3F     1A3F       2B         0
                text19                              81B      81B      125         0
                text18                             18F1     18F1        A         0
                text17                             1A6A     1A6A       34         0
                text16                             1920     1920        F         0
                text15                             18E4     18E4        5         0
                text14                             1941     1941       13         0
                text13                             18D8     18D8        4         0
                text12                             1BEB     1BEB       4E         0
                text11                             198C     198C       21         0
                text10                             1003     1003       16         0
                text9                               800      800       1B         0
                text8                              192F     192F       12         0
                text7                              18DC     18DC        4         0
                text6                              1C8F     1C8F       58         0
                text5                              18E0     18E0        4         0
                text4                              1AD8     1AD8       3B         0
                text3                              1D40     1D40       5C         0
                text2                               7F1      7F1        F         0
                text1                              1906     1906        C         0
                maintext                           1E69     1E69       79         0
                clrtext                            18E9     18E9        8         0
                idataBANK1                            3        3        1         0

        CLASS   STRCODE        

        CLASS   STRING         
                strings                            1800     1800       B0         0

        CLASS   CONST          

        CLASS   ENTRY          

        CLASS   COMMON         
                cstackCOMMON                         70       70        E         1

        CLASS   BANK0          
                cstackBANK0                          20       20       4F         1

        CLASS   BANK1          
                cstackBANK1                          A0       A0       33         1
                dataBANK1                            EF       EF        1         1
                bssBANK1                             D3       D3       1A         1
                bitbssBANK1                         770       EE        1         1
                nvBANK1                              ED       ED        1         1

        CLASS   BANK2          

        CLASS   BANK3          
                cstackBANK3                         190      190        A         1

        CLASS   RAM            

        CLASS   ABS1           
                abs_s1                               7E       7E        2         1

        CLASS   SFR0           

        CLASS   SFR1           

        CLASS   SFR2           

        CLASS   SFR3           

        CLASS   CONFIG         
                config                             2007     2007        2         4

        CLASS   IDLOC          

        CLASS   EEDATA         
                eeprom_data                           0     2100       10         3



SEGMENTS        Name                           Load    Length   Top    Selector   Space  Class     Delta

                text20                         001A3F  00002B  001A6A      347E       0  CODE        2
                text34                         001A18  000027  001A3F      3430       0  CODE        2
                text31                         001A9E  00003A  001AD8      353C       0  CODE        2
                text17                         001A6A  000034  001A9E      34D4       0  CODE        2
                text47                         0019AD  000022  0019CF      335A       0  CODE        2
                text11                         00198C  000021  0019AD      3318       0  CODE        2
                text38                         0019F3  000025  001A18      33E6       0  CODE        2
                text42                         0019CF  000024  0019F3      339E       0  CODE        2
                text4                          001AD8  00003B  001B13      35B0       0  CODE        2
                text6                          001C8F  000058  001CE7      391E       0  CODE        2
                text39                         001C39  000056  001C8F      3872       0  CODE        2
                text3                          001D40  00005C  001D9C      3A80       0  CODE        2
                text28                         001CE7  000059  001D40      39CE       0  CODE        2
                text24                         001B57  000046  001B9D      36AE       0  CODE        2
                text32                         001B13  000044  001B57      3626       0  CODE        2
                text12                         001BEB  00004E  001C39      37D6       0  CODE        2
                text46                         001B9D  00004E  001BEB      373A       0  CODE        2
                text48                         00196F  00001D  00198C      32DE       0  CODE        2
                text15                         0018E4  000005  0018E9      31C8       0  CODE        2
                text5                          0018E0  000004  0018E4      31C0       0  CODE        2
                text18                         0018F1  00000A  0018FB      31E2       0  CODE        2
                clrtext                        0018E9  000008  0018F1      31D2       0  CODE        2
                text21                         0018D4  000004  0018D8      31A8       0  CODE        2
                text25                         0018D0  000004  0018D4      31A0       0  CODE        2
                text7                          0018DC  000004  0018E0      31B8       0  CODE        2
                text13                         0018D8  000004  0018DC      31B0       0  CODE        2
                text44                         0018FB  00000B  001906      31F6       0  CODE        2
                text10                         001003  000016  001019      2006       0  CODE        2
                text14                         001941  000013  001954      3282       0  CODE        2
                text9                          000800  00001B  00081B      1000       0  CODE        2
                text23                         001954  00001B  00196F      32A8       0  CODE        2
                text22                         001912  00000E  001920      3224       0  CODE        2
                text1                          001906  00000C  001912      320C       0  CODE        2
                text8                          00192F  000012  001941      325E       0  CODE        2
                text16                         001920  00000F  00192F      3240       0  CODE        2
                cstackBANK1                    0000A0  000050  0000F0        A0       1  BANK1       1
                cstackBANK0                    000020  00004F  00006F        20       1  BANK0       1
                reset_vec                      000000  000004  000004         0       0  CODE        2
                cstackBANK3                    000190  00000A  00019A       190       1  BANK3       1
                eeprom_data                    002100  000010  002110      4200       3  EEDATA      2
                intentry                       000004  0007FC  000800         8       0  CODE        2
                cstackCOMMON                   000070  00000E  00007E        70       1  COMMON      1
                strings                        001800  0000B0  0018B0      3000       0  STRING      2
                text45                         001F5E  0000A2  002000      3EBC       0  CODE        2
                text35                         0010D3  0000BD  001190      21A6       0  CODE        2
                text37                         001019  0000BA  0010D3      2032       0  CODE        2
                text29                         001E02  000067  001E69      3C04       0  CODE        2
                text40                         001D9C  000066  001E02      3B38       0  CODE        2
                text41                         001EE2  00007C  001F5E      3DC4       0  CODE        2
                maintext                       001E69  000079  001EE2      3CD2       0  CODE        2
                text19                         00081B  000125  000940      1036       0  CODE        2
                text33                         000C9F  000361  001000      193E       0  CODE        2
                text30                         00136D  00020B  001578      26DA       0  CODE        2
                text49                         001190  0001DD  00136D      2320       0  CODE        2
                text27                         000940  00035F  000C9F      1280       0  CODE        2
                text43                         001578  000288  001800      2AF0       0  CODE        2


UNUSED ADDRESS RANGES

        Name                Unused          Largest block    Delta
        BANK0            0006F-0006F               1           1
        BANK2            00110-0016F              60           1
        BANK3            0019A-001EF              56           1
        CODE             01000-01002               3           2
                         018B0-018CF              20
        CONST            01000-01002               3           2
                         018B0-018CF              20
        EEDATA           02110-021FF              F0           2
        ENTRY            01000-01002               3           2
                         018B0-018CF              20
        IDLOC            02000-02003               4           2
        RAM              0006F-0006F               1           1
                         00110-0016F              60
                         0019A-001EF              56
        SFR0             00000-0001F              20           1
        SFR1             00080-0009F              20           1
        SFR2             00100-0010F              10           1
        SFR3             00180-0018F              10           1
        STACK            00110-0016F              60           1
        STRCODE          01000-01002               3           2
                         018B0-018CF              20
        STRING           01000-01002               3           2
                         018B0-018CF              20

                                  Symbol Table

?__Umul8_16                   cstackCOMMON 00070
?___awdiv                     cstackCOMMON 00076
?___awmod                     cstackCOMMON 00070
?___fladd                     cstackBANK0  0004E
?___fldiv                     cstackBANK0  00020
?___flmul                     cstackBANK0  00020
?___flneg                     cstackCOMMON 00070
?___flsub                     cstackBANK0  00062
?___fltol                     cstackBANK0  0003A
?___lldiv                     cstackCOMMON 00070
?___llmod                     cstackBANK0  00020
?___lwdiv                     cstackCOMMON 00075
?___lwmod                     cstackCOMMON 00070
?___wmul                      cstackCOMMON 00070
?___xxtofl                    cstackCOMMON 00070
?__div_to_l_                  cstackCOMMON 00070
?__tdiv_to_l_                 cstackCOMMON 00070
?_fround                      cstackBANK0  0003A
?_io_sw_pressed               cstackBANK3  00190
?_scale                       cstackBANK0  0003A
?_sprintf                     cstackBANK0  0006A
_ANS11                        (abs)        00C4B
_ANS12                        (abs)        00C4C
_ANS13                        (abs)        00C4D
_ANS2                         (abs)        00C42
_ANS3                         (abs)        00C43
_ANS8                         (abs)        00C48
_ANS9                         (abs)        00C49
_EEADR                        (abs)        0010D
_EECON1                       (abs)        0018C
_EECON1bits                   (abs)        0018C
_EEDATA                       (abs)        0010C
_INTCONbits                   (abs)        0000B
_IOCB3                        (abs)        004B3
_IOCB4                        (abs)        004B4
_IOCB6                        (abs)        004B6
_LCD_RS_SetHigh               text5        018E0
_LCD_RS_SetLow                text13       018D8
_LCD_RW_SetLow                text7        018DC
_OPTION_REGbits               (abs)        00081
_PORTB                        (abs)        00006
_PSA                          (abs)        0040B
_RA2                          (abs)        0002A
_RA3                          (abs)        0002B
_RA4                          (abs)        0002C
_RB0                          (abs)        00030
_RB1                          (abs)        00031
_RB2                          (abs)        00032
_RB5                          (abs)        00035
_RB7                          (abs)        00037
_RBIE                         (abs)        0005B
_RBIF                         (abs)        00058
_RC0                          (abs)        00038
_RC3                          (abs)        0003B
_RC4                          (abs)        0003C
_RC5                          (abs)        0003D
_T0CS                         (abs)        0040D
_T0IE                         (abs)        0005D
_T0IF                         (abs)        0005A
_TMR0                         (abs)        00001
_TRISA2                       (abs)        0042A
_TRISA3                       (abs)        0042B
_TRISA4                       (abs)        0042C
_TRISB0                       (abs)        00430
_TRISB1                       (abs)        00431
_TRISB2                       (abs)        00432
_TRISB3                       (abs)        00433
_TRISB4                       (abs)        00434
_TRISB5                       (abs)        00435
_TRISB6                       (abs)        00436
_TRISB7                       (abs)        00437
_TRISC                        (abs)        00087
_WPUB6                        (abs)        004AE
__Babs1                       abs1         04220
__Bbank0                      bank0        04220
__Bbank1                      bank1        04220
__Bbank2                      bank2        04220
__Bbank3                      bank3        04220
__BbitbssBANK1                bitbssBANK1  04220
__BbssBANK1                   bssBANK1     04220
__Bclrtext                    clrtext      04220
__Bcode                       code         04220
__Bcommon                     common       04220
__BcstackBANK0                cstackBANK0  04220
__BcstackBANK1                cstackBANK1  04220
__BcstackBANK3                cstackBANK3  04220
__BcstackCOMMON               cstackCOMMON 04220
__BdataBANK1                  dataBANK1    04220
__Beeprom_data                eeprom_data  02100
__Bmaintext                   maintext     04220
__Bram                        ram          04220
__Bsfr0                       sfr0         04220
__Bsfr1                       sfr1         04220
__Bsfr2                       sfr2         04220
__Bsfr3                       sfr3         04220
__Bstrings                    strings      04220
__Btext                       text         04220
__Habs1                       abs1         00020
__Hbank0                      bank0        00020
__Hbank1                      bank1        00020
__Hbank2                      bank2        00020
__Hbank3                      bank3        00020
__HbitbssBANK1                bitbssBANK1  21100
__HbssBANK1                   bssBANK1     00020
__Hcinit                      cinit        0002F
__Hclrtext                    clrtext      00020
__Hcode                       code         00020
__Hcommon                     common       00020
__Hconfig                     config       02009
__HcstackBANK0                cstackBANK0  00020
__HcstackBANK1                cstackBANK1  00020
__HcstackBANK3                cstackBANK3  00020
__HcstackCOMMON               cstackCOMMON 00020
__HdataBANK1                  dataBANK1    00020
__Heeprom_data                eeprom_data  00010
__Hend_init                   end_init     00019
__Hfunctab                    functab      00000
__HidataBANK1                 idataBANK1   04220
__Hinit                       init         00016
__Hintentry                   intentry     00016
__Hmaintext                   maintext     00020
__HnvBANK1                    nvBANK1      04220
__Hpowerup                    powerup      00000
__Hram                        ram          00020
__Hreset_vec                  reset_vec    00003
__Hsfr0                       sfr0         00020
__Hsfr1                       sfr1         00020
__Hsfr2                       sfr2         00020
__Hsfr3                       sfr3         00020
__Hspace_0                    (abs)        21100
__Hspace_1                    (abs)        00771
__Hspace_2                    (abs)        00000
__Hspace_3                    (abs)        00010
__Hspace_4                    (abs)        04010
__Hstack                      stack        00000
__Hstrings                    strings      00020
__Htext                       text         00020
__Labs1                       abs1         00020
__Lbank0                      bank0        00020
__Lbank1                      bank1        00020
__Lbank2                      bank2        00020
__Lbank3                      bank3        00020
__LbitbssBANK1                bitbssBANK1  21100
__LbssBANK1                   bssBANK1     00020
__Lcinit                      cinit        00019
__Lclrtext                    clrtext      00020
__Lcode                       code         00020
__Lcommon                     common       00020
__Lconfig                     config       00000
__LcstackBANK0                cstackBANK0  00020
__LcstackBANK1                cstackBANK1  00020
__LcstackBANK3                cstackBANK3  00020
__LcstackCOMMON               cstackCOMMON 00020
__LdataBANK1                  dataBANK1    00020
__Leeprom_data                eeprom_data  00000
__Lend_init                   end_init     00016
__Lfunctab                    functab      00000
__LidataBANK1                 idataBANK1   04220
__Linit                       init         00016
__Lintentry                   intentry     00004
__Lmaintext                   maintext     00020
__LnvBANK1                    nvBANK1      04220
__Lpowerup                    powerup      00000
__Lram                        ram          00020
__Lreset_vec                  reset_vec    00000
__Lsfr0                       sfr0         00020
__Lsfr1                       sfr1         00020
__Lsfr2                       sfr2         00020
__Lsfr3                       sfr3         00020
__Lspace_0                    (abs)        00000
__Lspace_1                    (abs)        00000
__Lspace_2                    (abs)        00000
__Lspace_3                    (abs)        00000
__Lspace_4                    (abs)        00000
__Lstack                      stack        00000
__Lstrings                    strings      00020
__Ltext                       text         00020
__S0                          (abs)        02000
__S1                          (abs)        0019A
__S2                          (abs)        00000
__S3                          (abs)        02110
__Umul8_16                    text34       01A18
__Umul8_16@multiplicand       cstackCOMMON 00070
__Umul8_16@multiplier         cstackCOMMON 00078
__Umul8_16@product            cstackCOMMON 00074
__Umul8_16@word_mpld          cstackCOMMON 00076
___awdiv                      text29       01E02
___awdiv@counter              cstackCOMMON 0007A
___awdiv@dividend             cstackCOMMON 00078
___awdiv@divisor              cstackCOMMON 00076
___awdiv@quotient             cstackCOMMON 0007C
___awdiv@sign                 cstackCOMMON 0007B
___awmod                      text28       01CE7
___awmod@counter              cstackCOMMON 00074
___awmod@dividend             cstackCOMMON 00072
___awmod@divisor              cstackCOMMON 00070
___awmod@sign                 cstackCOMMON 00075
___fladd                      text43       01578
___fladd@a                    cstackBANK0  00052
___fladd@aexp                 cstackBANK0  0005F
___fladd@b                    cstackBANK0  0004E
___fladd@bexp                 cstackBANK0  00060
___fladd@grs                  cstackBANK0  00061
___fladd@signs                cstackBANK0  0005E
___fldiv                      text49       01190
___fldiv@a                    cstackBANK0  00020
___fldiv@aexp                 cstackBANK0  00039
___fldiv@b                    cstackBANK0  00024
___fldiv@bexp                 cstackBANK0  00038
___fldiv@grs                  cstackBANK0  00034
___fldiv@new_exp              cstackBANK0  00032
___fldiv@rem                  cstackBANK0  0002D
___fldiv@sign                 cstackBANK0  00031
___fleq                       text46       01B9D
___fleq@ff1                   cstackCOMMON 00070
___fleq@ff2                   cstackCOMMON 00074
___flge                       text45       01F5E
___flge@ff1                   cstackCOMMON 00070
___flge@ff2                   cstackCOMMON 00074
___flmul                      text33       00C9F
___flmul@a                    cstackBANK0  00024
___flmul@aexp                 cstackBANK0  00032
___flmul@b                    cstackBANK0  00020
___flmul@bexp                 cstackBANK0  00033
___flmul@grs                  cstackBANK0  0002E
___flmul@prod                 cstackBANK0  00034
___flmul@sign                 cstackBANK0  0002D
___flmul@temp                 cstackBANK0  00038
___flneg                      text44       018FB
___flneg@f1                   cstackCOMMON 00070
___flsub                      text42       019CF
___flsub@a                    cstackBANK0  00062
___flsub@b                    cstackBANK0  00066
___fltol                      text41       01EE2
___fltol@exp1                 cstackBANK0  00043
___fltol@f1                   cstackBANK0  0003A
___fltol@sign1                cstackBANK0  00042
___int_sp                     stack        00000
___latbits                    (abs)        00002
___lldiv                      text40       01D9C
___lldiv@counter              cstackCOMMON 0007D
___lldiv@dividend             cstackCOMMON 00074
___lldiv@divisor              cstackCOMMON 00070
___lldiv@quotient             cstackCOMMON 00079
___llmod                      text39       01C39
___llmod@counter              cstackBANK0  00029
___llmod@dividend             cstackBANK0  00024
___llmod@divisor              cstackBANK0  00020
___lwdiv                      text32       01B13
___lwdiv@counter              cstackCOMMON 0007B
___lwdiv@dividend             cstackCOMMON 00077
___lwdiv@divisor              cstackCOMMON 00075
___lwdiv@quotient             cstackCOMMON 00079
___lwmod                      text31       01A9E
___lwmod@counter              cstackCOMMON 00074
___lwmod@dividend             cstackCOMMON 00072
___lwmod@divisor              cstackCOMMON 00070
___sp                         stack        00000
___stackhi                    (abs)        00000
___stacklo                    (abs)        00000
___wmul                       text38       019F3
___wmul@multiplicand          cstackCOMMON 00072
___wmul@multiplier            cstackCOMMON 00070
___wmul@product               cstackCOMMON 00074
___xxtofl                     text37       01019
___xxtofl@arg                 cstackCOMMON 0007A
___xxtofl@exp                 cstackCOMMON 00079
___xxtofl@sign                cstackCOMMON 00078
___xxtofl@val                 cstackCOMMON 00070
__div_to_l_                   text36       00733
__div_to_l_@cntr              cstackBANK0  00024
__div_to_l_@exp1              cstackBANK0  00025
__div_to_l_@f1                cstackCOMMON 00070
__div_to_l_@f2                cstackCOMMON 00074
__div_to_l_@quot              cstackBANK0  00020
__end_of_LCD_RS_SetHigh       text5        018E4
__end_of_LCD_RS_SetLow        text13       018DC
__end_of_LCD_RW_SetLow        text7        018E0
__end_of__Umul8_16            text34       01A3F
__end_of___awdiv              text29       01E69
__end_of___awmod              text28       01D40
__end_of___fladd              text43       01800
__end_of___fldiv              text49       0136D
__end_of___fleq               text46       01BEB
__end_of___flge               text45       02000
__end_of___flmul              text33       01000
__end_of___flneg              text44       01906
__end_of___flsub              text42       019F3
__end_of___fltol              text41       01F5E
__end_of___lldiv              text40       01E02
__end_of___llmod              text39       01C8F
__end_of___lwdiv              text32       01B57
__end_of___lwmod              text31       01AD8
__end_of___wmul               text38       01A18
__end_of___xxtofl             text37       010D3
__end_of__div_to_l_           text36       007F1
__end_of__initialization      cinit        0002B
__end_of__npowers_            strings      01878
__end_of__powers_             strings      01844
__end_of__stringtab           strings      01810
__end_of__tdiv_to_l_          text35       01190
__end_of_debug_init           text18       018FB
__end_of_debug_led_toggle     text48       0198C
__end_of_dpowers              strings      018A0
__end_of_fround               text30       01578
__end_of_io_beep              text17       01A9E
__end_of_io_init              text16       0192F
__end_of_io_led_toggle        text15       018E9
__end_of_io_sw_pressed        text14       01954
__end_of_io_sw_read           text47       019CF
__end_of_isr                  text19       00940
__end_of_lcd_clear            text10       01019
__end_of_lcd_cursor           text9        0081B
__end_of_lcd_goto             text8        01941
__end_of_lcd_init             text6        01CE7
__end_of_lcd_puts             text4        01B13
__end_of_lcd_write            text11       019AD
__end_of_lcd_write_nibble     text12       01C39
__end_of_main                 maintext     01EE2
__end_of_matriz_estados_init  text3        01D9C
__end_of_portB_init           text2        00800
__end_of_scale                text27       00C9F
__end_of_sprintf              text26       00733
__end_of_t0_init              text1        01912
__end_ofi1_LCD_RS_SetHigh     text21       018D8
__end_ofi1_LCD_RS_SetLow      text25       018D4
__end_ofi1_lcd_goto           text22       01920
__end_ofi1_lcd_puts           text20       01A6A
__end_ofi1_lcd_write          text23       0196F
__end_ofi1_lcd_write_nibble   text24       01B9D
__initialization              cinit        00019
__npowers_                    strings      01844
__pbitbssBANK1                bitbssBANK1  00770
__pbssBANK1                   bssBANK1     000D3
__pcstackBANK0                cstackBANK0  00020
__pcstackBANK1                cstackBANK1  000A0
__pcstackBANK3                cstackBANK3  00190
__pcstackCOMMON               cstackCOMMON 00070
__pdataBANK1                  dataBANK1    000EF
__pidataBANK1                 idataBANK1   00003
__pintentry                   intentry     00004
__pmaintext                   maintext     01E69
__pnvBANK1                    nvBANK1      000ED
__powers_                     strings      01810
__pstrings                    strings      01800
__ptext1                      text1        01906
__ptext10                     text10       01003
__ptext11                     text11       0198C
__ptext12                     text12       01BEB
__ptext13                     text13       018D8
__ptext14                     text14       01941
__ptext15                     text15       018E4
__ptext16                     text16       01920
__ptext17                     text17       01A6A
__ptext18                     text18       018F1
__ptext19                     text19       0081B
__ptext2                      text2        007F1
__ptext20                     text20       01A3F
__ptext21                     text21       018D4
__ptext22                     text22       01912
__ptext23                     text23       01954
__ptext24                     text24       01B57
__ptext25                     text25       018D0
__ptext26                     text26       0002F
__ptext27                     text27       00940
__ptext28                     text28       01CE7
__ptext29                     text29       01E02
__ptext3                      text3        01D40
__ptext30                     text30       0136D
__ptext31                     text31       01A9E
__ptext32                     text32       01B13
__ptext33                     text33       00C9F
__ptext34                     text34       01A18
__ptext35                     text35       010D3
__ptext36                     text36       00733
__ptext37                     text37       01019
__ptext38                     text38       019F3
__ptext39                     text39       01C39
__ptext4                      text4        01AD8
__ptext40                     text40       01D9C
__ptext41                     text41       01EE2
__ptext42                     text42       019CF
__ptext43                     text43       01578
__ptext44                     text44       018FB
__ptext45                     text45       01F5E
__ptext46                     text46       01B9D
__ptext47                     text47       019AD
__ptext48                     text48       0196F
__ptext49                     text49       01190
__ptext5                      text5        018E0
__ptext6                      text6        01C8F
__ptext7                      text7        018DC
__ptext8                      text8        0192F
__ptext9                      text9        00800
__size_of_LCD_RS_SetHigh      (abs)        00000
__size_of_LCD_RS_SetLow       (abs)        00000
__size_of_LCD_RW_SetLow       (abs)        00000
__size_of__Umul8_16           (abs)        00000
__size_of___awdiv             (abs)        00000
__size_of___awmod             (abs)        00000
__size_of___fladd             (abs)        00000
__size_of___fldiv             (abs)        00000
__size_of___fleq              (abs)        00000
__size_of___flge              (abs)        00000
__size_of___flmul             (abs)        00000
__size_of___flneg             (abs)        00000
__size_of___flsub             (abs)        00000
__size_of___fltol             (abs)        00000
__size_of___lldiv             (abs)        00000
__size_of___llmod             (abs)        00000
__size_of___lwdiv             (abs)        00000
__size_of___lwmod             (abs)        00000
__size_of___wmul              (abs)        00000
__size_of___xxtofl            (abs)        00000
__size_of__div_to_l_          (abs)        00000
__size_of__tdiv_to_l_         (abs)        00000
__size_of_debug_init          (abs)        00000
__size_of_debug_led_toggle    (abs)        00000
__size_of_fround              (abs)        00000
__size_of_io_beep             (abs)        00000
__size_of_io_init             (abs)        00000
__size_of_io_led_toggle       (abs)        00000
__size_of_io_sw_pressed       (abs)        00000
__size_of_io_sw_read          (abs)        00000
__size_of_isr                 (abs)        00000
__size_of_lcd_clear           (abs)        00000
__size_of_lcd_cursor          (abs)        00000
__size_of_lcd_goto            (abs)        00000
__size_of_lcd_init            (abs)        00000
__size_of_lcd_puts            (abs)        00000
__size_of_lcd_write           (abs)        00000
__size_of_lcd_write_nibble    (abs)        00000
__size_of_main                (abs)        00000
__size_of_matriz_estados_init (abs)        00000
__size_of_portB_init          (abs)        00000
__size_of_scale               (abs)        00000
__size_of_sprintf             (abs)        00000
__size_of_t0_init             (abs)        00000
__size_ofi1_LCD_RS_SetHigh    (abs)        00000
__size_ofi1_LCD_RS_SetLow     (abs)        00000
__size_ofi1_lcd_goto          (abs)        00000
__size_ofi1_lcd_puts          (abs)        00000
__size_ofi1_lcd_write         (abs)        00000
__size_ofi1_lcd_write_nibble  (abs)        00000
__stringbase                  strings      0180F
__stringtab                   strings      01800
__tdiv_to_l_                  text35       010D3
__tdiv_to_l_@cntr             cstackBANK0  00024
__tdiv_to_l_@exp1             cstackBANK0  00025
__tdiv_to_l_@f1               cstackCOMMON 00070
__tdiv_to_l_@f2               cstackCOMMON 00074
__tdiv_to_l_@quot             cstackBANK0  00020
_contagem_interrupcoes_tmr0   bssBANK1     000E7
_contagem_pulsos              bssBANK1     000EB
_contagem_pulsos_anterior     bssBANK1     000E9
_debug_init                   text18       018F1
_debug_led_toggle             text48       0196F
_direcao                      nvBANK1      000ED
_dpowers                      strings      01878
_estado_anterior              bssBANK1     000E3
_estado_atual                 bssBANK1     000E5
_fround                       text30       0136D
_fround$973                   cstackBANK0  00049
_fround$974                   cstackBANK0  00045
_io_beep                      text17       01A6A
_io_init                      text16       01920
_io_led_toggle                text15       018E4
_io_sw_pressed                text14       01941
_io_sw_read                   text47       019AD
_isr                          text19       0081B
_isr$972                      cstackBANK1  000CE
_lcd_clear                    text10       01003
_lcd_cursor                   text9        00800
_lcd_goto                     text8        0192F
_lcd_init                     text6        01C8F
_lcd_puts                     text4        01AD8
_lcd_write                    text11       0198C
_lcd_write_nibble             text12       01BEB
_main                         maintext     01E69
_matrizTransicaoEstados       bssBANK1     000D3
_matriz_estados_init          text3        01D40
_nRBPU                        (abs)        0040F
_portB_init                   text2        007F1
_scale                        text27       00940
_scale$975                    cstackBANK0  00048
_sprintf                      text26       0002F
_sprintf$976                  cstackBANK1  000A5
_swPressed                    bitbssBANK1  00770
_t0_init                      text1        01906
btemp                         (abs)        0007E
clear_ram0                    clrtext      018E9
debug_led_toggle@led          cstackCOMMON 00070
end_of_initialization         cinit        0002B
fround@prec                   cstackBANK0  0004D
i1_LCD_RS_SetHigh             text21       018D4
i1_LCD_RS_SetLow              text25       018D0
i1_lcd_goto                   text22       01912
i1_lcd_puts                   text20       01A3F
i1_lcd_write                  text23       01954
i1_lcd_write_nibble           text24       01B57
i1lcd_goto@pos                cstackCOMMON 00074
i1lcd_puts@s                  cstackCOMMON 00074
i1lcd_write@c                 cstackCOMMON 00073
i1lcd_write_nibble@c          cstackCOMMON 00071
interrupt_function            intentry     00004
intlevel0                     functab      00000
intlevel1                     functab      00000
intlevel2                     functab      00000
intlevel3                     functab      00000
intlevel4                     functab      00000
intlevel5                     functab      00000
io_beep@period                cstackBANK3  00190
io_sw_read@port               cstackCOMMON 00071
io_sw_read@swNew              cstackCOMMON 00072
io_sw_read@swOld              dataBANK1    000EF
isr@message                   cstackBANK1  000C5
isr@portB                     cstackBANK1  000D2
lcd_cursor@on                 cstackBANK3  00194
lcd_goto@pos                  cstackBANK3  00194
lcd_puts@s                    cstackBANK3  00194
lcd_write@c                   cstackBANK3  00193
lcd_write_nibble@c            cstackBANK3  00191
matriz_estados_init@contador  cstackBANK3  00193
matriz_estados_init@i         cstackBANK3  00194
matriz_estados_init@j         cstackBANK3  00196
reset_vec                     reset_vec    00000
saved_w                       (abs)        0007E
scale@scl                     cstackBANK0  0004C
sprintf@ap                    cstackBANK1  000A9
sprintf@c                     cstackBANK1  000BD
sprintf@eexp                  cstackBANK1  000B2
sprintf@f                     cstackBANK0  0006A
sprintf@flag                  cstackBANK1  000AA
sprintf@fval                  cstackBANK1  000B9
sprintf@prec                  cstackBANK1  000AC
sprintf@sp                    cstackBANK1  000B8
sprintf@tmpval                cstackBANK1  000B4
sprintf@val                   cstackBANK1  000AE
start                         init         00016
start_initialization          cinit        00019
wtemp0                        (abs)        0007E


FUNCTION INFORMATION:

 *************** function _main *****************
 Defined at:
		line 133 in file "main.c"
 Parameters:    Size  Location     Type
		None
 Auto vars:     Size  Location     Type
  message         9    0        unsigned char [9]
  loopCount       2    0        unsigned int 
 Return value:  Size  Location     Type
                  1    wreg      void 
 Registers used:
		wreg, fsr0l, fsr0h, status,2, status,0, btemp+1, pclath, cstack
 Tracked objects:
		On entry : 
		On exit  : 
		Unchanged: 
 Data sizes:     COMMON   BANK0   BANK1   BANK3   BANK2
      Params:         0       0       0       0       0
      Locals:         0       0       0       2       0
      Temps:          0       0       0       2       0
      Totals:         0       0       0       4       0
Total ram usage:        4 bytes
 Hardware stack levels required when called:    8
 This function calls:
		_debug_init
		_io_beep
		_io_init
		_io_led_toggle
		_io_sw_pressed
		_lcd_clear
		_lcd_cursor
		_lcd_goto
		_lcd_init
		_lcd_puts
		_matriz_estados_init
		_portB_init
		_t0_init
 This function is called by:
		Startup code after reset
 This function uses a non-reentrant model


 *************** function _t0_init *****************
 Defined at:
		line 100 in file "main.c"
 Parameters:    Size  Location     Type
		None
 Auto vars:     Size  Location     Type
		None
 Return value:  Size  Location     Type
                  1    wreg      void 
 Registers used:
		wreg, status,2, status,0
 Tracked objects:
		On entry : 
		On exit  : 
		Unchanged: 
 Data sizes:     COMMON   BANK0   BANK1   BANK3   BANK2
      Params:         0       0       0       0       0
      Locals:         0       0       0       0       0
      Temps:          0       0       0       0       0
      Totals:         0       0       0       0       0
Total ram usage:        0 bytes
 Hardware stack levels used:    1
 Hardware stack levels required when called:    5
 This function calls:
		Nothing
 This function is called by:
		_main
 This function uses a non-reentrant model


 *************** function _portB_init *****************
 Defined at:
		line 110 in file "main.c"
 Parameters:    Size  Location     Type
		None
 Auto vars:     Size  Location     Type
		None
 Return value:  Size  Location     Type
                  1    wreg      void 
 Registers used:
		None
 Tracked objects:
		On entry : 
		On exit  : 
		Unchanged: 
 Data sizes:     COMMON   BANK0   BANK1   BANK3   BANK2
      Params:         0       0       0       0       0
      Locals:         0       0       0       0       0
      Temps:          0       0       0       0       0
      Totals:         0       0       0       0       0
Total ram usage:        0 bytes
 Hardware stack levels used:    1
 Hardware stack levels required when called:    5
 This function calls:
		Nothing
 This function is called by:
		_main
 This function uses a non-reentrant model


 *************** function _matriz_estados_init *****************
 Defined at:
		line 122 in file "main.c"
 Parameters:    Size  Location     Type
		None
 Auto vars:     Size  Location     Type
  j               2    6[BANK3 ] int 
  i               2    4[BANK3 ] int 
  contador        1    3[BANK3 ] unsigned char 
 Return value:  Size  Location     Type
                  1    wreg      void 
 Registers used:
		wreg, fsr0l, fsr0h, status,2, status,0, btemp+1
 Tracked objects:
		On entry : 
		On exit  : 
		Unchanged: 
 Data sizes:     COMMON   BANK0   BANK1   BANK3   BANK2
      Params:         0       0       0       0       0
      Locals:         0       0       0       5       0
      Temps:          0       0       0       3       0
      Totals:         0       0       0       8       0
Total ram usage:        8 bytes
 Hardware stack levels used:    1
 Hardware stack levels required when called:    5
 This function calls:
		Nothing
 This function is called by:
		_main
 This function uses a non-reentrant model


 *************** function _lcd_puts *****************
 Defined at:
		line 52 in file "lcd.c"
 Parameters:    Size  Location     Type
  s               2    4[BANK3 ] PTR const unsigned char 
		 -> STR_3(10), isr@message(9), 
 Auto vars:     Size  Location     Type
		None
 Return value:  Size  Location     Type
                  1    wreg      void 
 Registers used:
		wreg, fsr0l, fsr0h, status,2, status,0, btemp+1, pclath, cstack
 Tracked objects:
		On entry : 
		On exit  : 
		Unchanged: 
 Data sizes:     COMMON   BANK0   BANK1   BANK3   BANK2
      Params:         0       0       0       2       0
      Locals:         0       0       0       0       0
      Temps:          0       0       0       0       0
      Totals:         0       0       0       2       0
Total ram usage:        2 bytes
 Hardware stack levels used:    1
 Hardware stack levels required when called:    7
 This function calls:
		_LCD_RS_SetHigh
		_lcd_write
 This function is called by:
		_main
 This function uses a non-reentrant model


 *************** function _LCD_RS_SetHigh *****************
 Defined at:
		line 24 in file "lcd.c"
 Parameters:    Size  Location     Type
		None
 Auto vars:     Size  Location     Type
		None
 Return value:  Size  Location     Type
                  1    wreg      void 
 Registers used:
		None
 Tracked objects:
		On entry : 
		On exit  : 
		Unchanged: 
 Data sizes:     COMMON   BANK0   BANK1   BANK3   BANK2
      Params:         0       0       0       0       0
      Locals:         0       0       0       0       0
      Temps:          0       0       0       0       0
      Totals:         0       0       0       0       0
Total ram usage:        0 bytes
 Hardware stack levels used:    1
 Hardware stack levels required when called:    5
 This function calls:
		Nothing
 This function is called by:
		_lcd_puts
		_lcd_putchar
 This function uses a non-reentrant model


 *************** function _lcd_init *****************
 Defined at:
		line 84 in file "lcd.c"
 Parameters:    Size  Location     Type
		None
 Auto vars:     Size  Location     Type
		None
 Return value:  Size  Location     Type
                  1    wreg      void 
 Registers used:
		wreg, status,2, status,0, btemp+1, pclath, cstack
 Tracked objects:
		On entry : 
		On exit  : 
		Unchanged: 
 Data sizes:     COMMON   BANK0   BANK1   BANK3   BANK2
      Params:         0       0       0       0       0
      Locals:         0       0       0       0       0
      Temps:          0       0       0       2       0
      Totals:         0       0       0       2       0
Total ram usage:        2 bytes
 Hardware stack levels used:    1
 Hardware stack levels required when called:    7
 This function calls:
		_LCD_RS_SetLow
		_LCD_RW_SetLow
		_lcd_write
 This function is called by:
		_main
 This function uses a non-reentrant model


 *************** function _LCD_RW_SetLow *****************
 Defined at:
		line 25 in file "lcd.c"
 Parameters:    Size  Location     Type
		None
 Auto vars:     Size  Location     Type
		None
 Return value:  Size  Location     Type
                  1    wreg      void 
 Registers used:
		None
 Tracked objects:
		On entry : 
		On exit  : 
		Unchanged: 
 Data sizes:     COMMON   BANK0   BANK1   BANK3   BANK2
      Params:         0       0       0       0       0
      Locals:         0       0       0       0       0
      Temps:          0       0       0       0       0
      Totals:         0       0       0       0       0
Total ram usage:        0 bytes
 Hardware stack levels used:    1
 Hardware stack levels required when called:    5
 This function calls:
		Nothing
 This function is called by:
		_lcd_init
 This function uses a non-reentrant model


 *************** function _lcd_goto *****************
 Defined at:
		line 59 in file "lcd.c"
 Parameters:    Size  Location     Type
  pos             1    wreg     unsigned char 
 Auto vars:     Size  Location     Type
  pos             1    4[BANK3 ] unsigned char 
 Return value:  Size  Location     Type
                  1    wreg      void 
 Registers used:
		wreg, status,2, status,0, pclath, cstack
 Tracked objects:
		On entry : 
		On exit  : 
		Unchanged: 
 Data sizes:     COMMON   BANK0   BANK1   BANK3   BANK2
      Params:         0       0       0       0       0
      Locals:         0       0       0       1       0
      Temps:          0       0       0       0       0
      Totals:         0       0       0       1       0
Total ram usage:        1 bytes
 Hardware stack levels used:    1
 Hardware stack levels required when called:    7
 This function calls:
		_LCD_RS_SetLow
		_lcd_write
 This function is called by:
		_main
 This function uses a non-reentrant model


 *************** function _lcd_cursor *****************
 Defined at:
		line 68 in file "lcd.c"
 Parameters:    Size  Location     Type
  on              2    4[BANK3 ] int 
 Auto vars:     Size  Location     Type
		None
 Return value:  Size  Location     Type
                  1    wreg      void 
 Registers used:
		wreg, status,2, status,0, pclath, cstack
 Tracked objects:
		On entry : 
		On exit  : 
		Unchanged: 
 Data sizes:     COMMON   BANK0   BANK1   BANK3   BANK2
      Params:         0       0       0       2       0
      Locals:         0       0       0       0       0
      Temps:          0       0       0       0       0
      Totals:         0       0       0       2       0
Total ram usage:        2 bytes
 Hardware stack levels used:    1
 Hardware stack levels required when called:    7
 This function calls:
		_LCD_RS_SetLow
		_lcd_write
 This function is called by:
		_main
 This function uses a non-reentrant model


 *************** function _lcd_clear *****************
 Defined at:
		line 45 in file "lcd.c"
 Parameters:    Size  Location     Type
		None
 Auto vars:     Size  Location     Type
		None
 Return value:  Size  Location     Type
                  1    wreg      void 
 Registers used:
		wreg, status,2, status,0, pclath, cstack
 Tracked objects:
		On entry : 
		On exit  : 
		Unchanged: 
 Data sizes:     COMMON   BANK0   BANK1   BANK3   BANK2
      Params:         0       0       0       0       0
      Locals:         0       0       0       0       0
      Temps:          0       0       0       2       0
      Totals:         0       0       0       2       0
Total ram usage:        2 bytes
 Hardware stack levels used:    1
 Hardware stack levels required when called:    7
 This function calls:
		_LCD_RS_SetLow
		_lcd_write
 This function is called by:
		_main
 This function uses a non-reentrant model


 *************** function _lcd_write *****************
 Defined at:
		line 38 in file "lcd.c"
 Parameters:    Size  Location     Type
  c               1    wreg     unsigned char 
 Auto vars:     Size  Location     Type
  c               1    3[BANK3 ] unsigned char 
 Return value:  Size  Location     Type
                  1    wreg      void 
 Registers used:
		wreg, status,2, status,0, pclath, cstack
 Tracked objects:
		On entry : 
		On exit  : 
		Unchanged: 
 Data sizes:     COMMON   BANK0   BANK1   BANK3   BANK2
      Params:         0       0       0       0       0
      Locals:         0       0       0       1       0
      Temps:          0       0       0       1       0
      Totals:         0       0       0       2       0
Total ram usage:        2 bytes
 Hardware stack levels used:    1
 Hardware stack levels required when called:    6
 This function calls:
		_lcd_write_nibble
 This function is called by:
		_lcd_clear
		_lcd_puts
		_lcd_goto
		_lcd_cursor
		_lcd_init
		_lcd_putchar
 This function uses a non-reentrant model


 *************** function _lcd_write_nibble *****************
 Defined at:
		line 28 in file "lcd.c"
 Parameters:    Size  Location     Type
  c               1    wreg     unsigned char 
 Auto vars:     Size  Location     Type
  c               1    1[BANK3 ] unsigned char 
 Return value:  Size  Location     Type
                  1    wreg      void 
 Registers used:
		wreg, status,2, status,0
 Tracked objects:
		On entry : 
		On exit  : 
		Unchanged: 
 Data sizes:     COMMON   BANK0   BANK1   BANK3   BANK2
      Params:         0       0       0       0       0
      Locals:         0       0       0       1       0
      Temps:          0       0       0       1       0
      Totals:         0       0       0       2       0
Total ram usage:        2 bytes
 Hardware stack levels used:    1
 Hardware stack levels required when called:    5
 This function calls:
		Nothing
 This function is called by:
		_lcd_write
 This function uses a non-reentrant model


 *************** function _LCD_RS_SetLow *****************
 Defined at:
		line 23 in file "lcd.c"
 Parameters:    Size  Location     Type
		None
 Auto vars:     Size  Location     Type
		None
 Return value:  Size  Location     Type
                  1    wreg      void 
 Registers used:
		None
 Tracked objects:
		On entry : 
		On exit  : 
		Unchanged: 
 Data sizes:     COMMON   BANK0   BANK1   BANK3   BANK2
      Params:         0       0       0       0       0
      Locals:         0       0       0       0       0
      Temps:          0       0       0       0       0
      Totals:         0       0       0       0       0
Total ram usage:        0 bytes
 Hardware stack levels used:    1
 Hardware stack levels required when called:    5
 This function calls:
		Nothing
 This function is called by:
		_lcd_clear
		_lcd_goto
		_lcd_cursor
		_lcd_init
 This function uses a non-reentrant model


 *************** function _io_sw_pressed *****************
 Defined at:
		line 58 in file "io.c"
 Parameters:    Size  Location     Type
		None
 Auto vars:     Size  Location     Type
		None
 Return value:  Size  Location     Type
                  2    0[BANK3 ] int 
 Registers used:
		wreg, status,2
 Tracked objects:
		On entry : 
		On exit  : 
		Unchanged: 
 Data sizes:     COMMON   BANK0   BANK1   BANK3   BANK2
      Params:         0       0       0       2       0
      Locals:         0       0       0       0       0
      Temps:          0       0       0       0       0
      Totals:         0       0       0       2       0
Total ram usage:        2 bytes
 Hardware stack levels used:    1
 Hardware stack levels required when called:    5
 This function calls:
		Nothing
 This function is called by:
		_main
 This function uses a non-reentrant model


 *************** function _io_led_toggle *****************
 Defined at:
		line 36 in file "io.c"
 Parameters:    Size  Location     Type
		None
 Auto vars:     Size  Location     Type
		None
 Return value:  Size  Location     Type
                  1    wreg      void 
 Registers used:
		wreg
 Tracked objects:
		On entry : 
		On exit  : 
		Unchanged: 
 Data sizes:     COMMON   BANK0   BANK1   BANK3   BANK2
      Params:         0       0       0       0       0
      Locals:         0       0       0       0       0
      Temps:          0       0       0       0       0
      Totals:         0       0       0       0       0
Total ram usage:        0 bytes
 Hardware stack levels used:    1
 Hardware stack levels required when called:    5
 This function calls:
		Nothing
 This function is called by:
		_main
 This function uses a non-reentrant model


 *************** function _io_init *****************
 Defined at:
		line 17 in file "io.c"
 Parameters:    Size  Location     Type
		None
 Auto vars:     Size  Location     Type
		None
 Return value:  Size  Location     Type
                  1    wreg      void 
 Registers used:
		None
 Tracked objects:
		On entry : 
		On exit  : 
		Unchanged: 
 Data sizes:     COMMON   BANK0   BANK1   BANK3   BANK2
      Params:         0       0       0       0       0
      Locals:         0       0       0       0       0
      Temps:          0       0       0       0       0
      Totals:         0       0       0       0       0
Total ram usage:        0 bytes
 Hardware stack levels used:    1
 Hardware stack levels required when called:    5
 This function calls:
		Nothing
 This function is called by:
		_main
 This function uses a non-reentrant model


 *************** function _io_beep *****************
 Defined at:
		line 40 in file "io.c"
 Parameters:    Size  Location     Type
  period          2    0[BANK3 ] int 
 Auto vars:     Size  Location     Type
		None
 Return value:  Size  Location     Type
                  1    wreg      void 
 Registers used:
		wreg, btemp+1
 Tracked objects:
		On entry : 
		On exit  : 
		Unchanged: 
 Data sizes:     COMMON   BANK0   BANK1   BANK3   BANK2
      Params:         0       0       0       2       0
      Locals:         0       0       0       0       0
      Temps:          0       0       0       2       0
      Totals:         0       0       0       4       0
Total ram usage:        4 bytes
 Hardware stack levels used:    1
 Hardware stack levels required when called:    5
 This function calls:
		Nothing
 This function is called by:
		_main
 This function uses a non-reentrant model


 *************** function _debug_init *****************
 Defined at:
		line 14 in file "debug.c"
 Parameters:    Size  Location     Type
		None
 Auto vars:     Size  Location     Type
		None
 Return value:  Size  Location     Type
                  1    wreg      void 
 Registers used:
		None
 Tracked objects:
		On entry : 
		On exit  : 
		Unchanged: 
 Data sizes:     COMMON   BANK0   BANK1   BANK3   BANK2
      Params:         0       0       0       0       0
      Locals:         0       0       0       0       0
      Temps:          0       0       0       0       0
      Totals:         0       0       0       0       0
Total ram usage:        0 bytes
 Hardware stack levels used:    1
 Hardware stack levels required when called:    5
 This function calls:
		Nothing
 This function is called by:
		_main
 This function uses a non-reentrant model


 *************** function _isr *****************
 Defined at:
		line 54 in file "main.c"
 Parameters:    Size  Location     Type
		None
 Auto vars:     Size  Location     Type
  portB           1   50[BANK1 ] unsigned char 
  message         9   37[BANK1 ] unsigned char [9]
 Return value:  Size  Location     Type
                  1    wreg      void 
 Registers used:
		wreg, fsr0l, fsr0h, status,2, status,0, btemp+1, pclath, cstack
 Tracked objects:
		On entry : 
		On exit  : 
		Unchanged: 
 Data sizes:     COMMON   BANK0   BANK1   BANK3   BANK2
      Params:         0       0       0       0       0
      Locals:         0       0      14       0       0
      Temps:          0       0       7       0       0
      Totals:         0       0      21       0       0
Total ram usage:       21 bytes
 Hardware stack levels used:    1
 Hardware stack levels required when called:    4
 This function calls:
		___fldiv
		___xxtofl
		_debug_led_toggle
		_io_sw_read
		_sprintf
		i1_lcd_goto
		i1_lcd_puts
 This function is called by:
		Interrupt level 1
 This function uses a non-reentrant model


 *************** function i1_lcd_puts *****************
 Defined at:
		line 52 in file "lcd.c"
 Parameters:    Size  Location     Type
  s               2    4[COMMON] PTR const unsigned char 
		 -> STR_3(10), isr@message(9), 
 Auto vars:     Size  Location     Type
		None
 Return value:  Size  Location     Type
                  1    wreg      void 
 Registers used:
		wreg, fsr0l, fsr0h, status,2, status,0, btemp+1, pclath, cstack
 Tracked objects:
		On entry : 
		On exit  : 
		Unchanged: 
 Data sizes:     COMMON   BANK0   BANK1   BANK3   BANK2
      Params:         2       0       0       0       0
      Locals:         0       0       0       0       0
      Temps:          0       0       0       0       0
      Totals:         2       0       0       0       0
Total ram usage:        2 bytes
 Hardware stack levels used:    1
 Hardware stack levels required when called:    2
 This function calls:
		i1_LCD_RS_SetHigh
		i1_lcd_write
 This function is called by:
		_isr
 This function uses a non-reentrant model


 *************** function i1_LCD_RS_SetHigh *****************
 Defined at:
		line 24 in file "lcd.c"
 Parameters:    Size  Location     Type
		None
 Auto vars:     Size  Location     Type
		None
 Return value:  Size  Location     Type
                  1    wreg      void 
 Registers used:
		None
 Tracked objects:
		On entry : 
		On exit  : 
		Unchanged: 
 Data sizes:     COMMON   BANK0   BANK1   BANK3   BANK2
      Params:         0       0       0       0       0
      Locals:         0       0       0       0       0
      Temps:          0       0       0       0       0
      Totals:         0       0       0       0       0
Total ram usage:        0 bytes
 Hardware stack levels used:    1
 This function calls:
		Nothing
 This function is called by:
		i1_lcd_puts
 This function uses a non-reentrant model


 *************** function i1_lcd_goto *****************
 Defined at:
		line 59 in file "lcd.c"
 Parameters:    Size  Location     Type
  pos             1    wreg     unsigned char 
 Auto vars:     Size  Location     Type
  pos             1    4[COMMON] unsigned char 
 Return value:  Size  Location     Type
                  1    wreg      void 
 Registers used:
		wreg, status,2, status,0, pclath, cstack
 Tracked objects:
		On entry : 
		On exit  : 
		Unchanged: 
 Data sizes:     COMMON   BANK0   BANK1   BANK3   BANK2
      Params:         0       0       0       0       0
      Locals:         1       0       0       0       0
      Temps:          0       0       0       0       0
      Totals:         1       0       0       0       0
Total ram usage:        1 bytes
 Hardware stack levels used:    1
 Hardware stack levels required when called:    2
 This function calls:
		i1_LCD_RS_SetLow
		i1_lcd_write
 This function is called by:
		_isr
 This function uses a non-reentrant model


 *************** function i1_lcd_write *****************
 Defined at:
		line 38 in file "lcd.c"
 Parameters:    Size  Location     Type
  c               1    wreg     unsigned char 
 Auto vars:     Size  Location     Type
  c               1    3[COMMON] unsigned char 
 Return value:  Size  Location     Type
                  1    wreg      void 
 Registers used:
		wreg, status,2, status,0, pclath, cstack
 Tracked objects:
		On entry : 
		On exit  : 
		Unchanged: 
 Data sizes:     COMMON   BANK0   BANK1   BANK3   BANK2
      Params:         0       0       0       0       0
      Locals:         1       0       0       0       0
      Temps:          1       0       0       0       0
      Totals:         2       0       0       0       0
Total ram usage:        2 bytes
 Hardware stack levels used:    1
 Hardware stack levels required when called:    1
 This function calls:
		i1_lcd_write_nibble
 This function is called by:
		i1_lcd_puts
		i1_lcd_goto
 This function uses a non-reentrant model


 *************** function i1_lcd_write_nibble *****************
 Defined at:
		line 28 in file "lcd.c"
 Parameters:    Size  Location     Type
  c               1    wreg     unsigned char 
 Auto vars:     Size  Location     Type
  c               1    1[COMMON] unsigned char 
 Return value:  Size  Location     Type
                  1    wreg      void 
 Registers used:
		wreg, status,2, status,0
 Tracked objects:
		On entry : 
		On exit  : 
		Unchanged: 
 Data sizes:     COMMON   BANK0   BANK1   BANK3   BANK2
      Params:         0       0       0       0       0
      Locals:         1       0       0       0       0
      Temps:          1       0       0       0       0
      Totals:         2       0       0       0       0
Total ram usage:        2 bytes
 Hardware stack levels used:    1
 This function calls:
		Nothing
 This function is called by:
		i1_lcd_write
 This function uses a non-reentrant model


 *************** function i1_LCD_RS_SetLow *****************
 Defined at:
		line 23 in file "lcd.c"
 Parameters:    Size  Location     Type
		None
 Auto vars:     Size  Location     Type
		None
 Return value:  Size  Location     Type
                  1    wreg      void 
 Registers used:
		None
 Tracked objects:
		On entry : 
		On exit  : 
		Unchanged: 
 Data sizes:     COMMON   BANK0   BANK1   BANK3   BANK2
      Params:         0       0       0       0       0
      Locals:         0       0       0       0       0
      Temps:          0       0       0       0       0
      Totals:         0       0       0       0       0
Total ram usage:        0 bytes
 Hardware stack levels used:    1
 This function calls:
		Nothing
 This function is called by:
		i1_lcd_goto
 This function uses a non-reentrant model


 *************** function _sprintf *****************
 Defined at:
		line 505 in file "/opt/microchip/xc8/v2.20/pic/sources/c90/common/doprnt.c"
 Parameters:    Size  Location     Type
  sp              1    wreg     PTR unsigned char 
		 -> isr@message(9), 
  f               1   74[BANK0 ] PTR const unsigned char 
		 -> STR_2(3), STR_1(3), 
 Auto vars:     Size  Location     Type
  sp              1   24[BANK1 ] PTR unsigned char 
		 -> isr@message(9), 
  fval            4   25[BANK1 ] PTR unsigned char 
  tmpval          4   20[BANK1 ] struct .
  val             4   14[BANK1 ] unsigned long 
  eexp            2   18[BANK1 ] int 
  prec            2   12[BANK1 ] int 
  flag            2   10[BANK1 ] unsigned short 
  cp              2    0        PTR const unsigned char 
  len             2    0        unsigned int 
  width           2    0        int 
  c               1   29[BANK1 ] unsigned char 
  ap              1    9[BANK1 ] PTR void [1]
		 -> ?_sprintf(2), 
  d               1    0        unsigned char 
 Return value:  Size  Location     Type
                  2   74[BANK0 ] int 
 Registers used:
		wreg, fsr0l, fsr0h, status,2, status,0, btemp+1, pclath, cstack
 Tracked objects:
		On entry : 
		On exit  : 
		Unchanged: 
 Data sizes:     COMMON   BANK0   BANK1   BANK3   BANK2
      Params:         0       5       0       0       0
      Locals:         0       0      25       0       0
      Temps:          0       0       5       0       0
      Totals:         0       5      30       0       0
Total ram usage:       35 bytes
 Hardware stack levels used:    1
 Hardware stack levels required when called:    3
 This function calls:
		___awdiv
		___fladd
		___fleq
		___flge
		___flmul
		___flneg
		___flsub
		___fltol
		___lldiv
		___llmod
		___wmul
		___xxtofl
		__div_to_l_
		__tdiv_to_l_
		_fround
		_scale
 This function is called by:
		_isr
 This function uses a non-reentrant model


 *************** function _scale *****************
 Defined at:
		line 433 in file "/opt/microchip/xc8/v2.20/pic/sources/c90/common/doprnt.c"
 Parameters:    Size  Location     Type
  scl             1    wreg     char 
 Auto vars:     Size  Location     Type
  scl             1   44[BANK0 ] char 
 Return value:  Size  Location     Type
                  4   26[BANK0 ] char 
 Registers used:
		wreg, fsr0l, fsr0h, status,2, status,0, btemp+1, pclath, cstack
 Tracked objects:
		On entry : 
		On exit  : 
		Unchanged: 
 Data sizes:     COMMON   BANK0   BANK1   BANK3   BANK2
      Params:         0       4       0       0       0
      Locals:         0       5       0       0       0
      Temps:          0      10       0       0       0
      Totals:         0      19       0       0       0
Total ram usage:       19 bytes
 Hardware stack levels used:    1
 Hardware stack levels required when called:    2
 This function calls:
		___awdiv
		___awmod
		___flmul
 This function is called by:
		_sprintf
 This function uses a non-reentrant model


 *************** function ___awmod *****************
 Defined at:
		line 5 in file "/opt/microchip/xc8/v2.20/pic/sources/c90/common/awmod.c"
 Parameters:    Size  Location     Type
  divisor         2    0[COMMON] int 
  dividend        2    2[COMMON] int 
 Auto vars:     Size  Location     Type
  sign            1    5[COMMON] unsigned char 
  counter         1    4[COMMON] unsigned char 
 Return value:  Size  Location     Type
                  2    0[COMMON] int 
 Registers used:
		wreg, status,2, status,0, btemp+1
 Tracked objects:
		On entry : 
		On exit  : 
		Unchanged: 
 Data sizes:     COMMON   BANK0   BANK1   BANK3   BANK2
      Params:         4       0       0       0       0
      Locals:         2       0       0       0       0
      Temps:          0       0       0       0       0
      Totals:         6       0       0       0       0
Total ram usage:        6 bytes
 Hardware stack levels used:    1
 This function calls:
		Nothing
 This function is called by:
		_scale
 This function uses a non-reentrant model


 *************** function ___awdiv *****************
 Defined at:
		line 5 in file "/opt/microchip/xc8/v2.20/pic/sources/c90/common/awdiv.c"
 Parameters:    Size  Location     Type
  divisor         2    6[COMMON] int 
  dividend        2    8[COMMON] int 
 Auto vars:     Size  Location     Type
  quotient        2   12[COMMON] int 
  sign            1   11[COMMON] unsigned char 
  counter         1   10[COMMON] unsigned char 
 Return value:  Size  Location     Type
                  2    6[COMMON] int 
 Registers used:
		wreg, status,2, status,0, btemp+1
 Tracked objects:
		On entry : 
		On exit  : 
		Unchanged: 
 Data sizes:     COMMON   BANK0   BANK1   BANK3   BANK2
      Params:         4       0       0       0       0
      Locals:         4       0       0       0       0
      Temps:          0       0       0       0       0
      Totals:         8       0       0       0       0
Total ram usage:        8 bytes
 Hardware stack levels used:    1
 This function calls:
		Nothing
 This function is called by:
		_scale
		_sprintf
 This function uses a non-reentrant model


 *************** function _fround *****************
 Defined at:
		line 417 in file "/opt/microchip/xc8/v2.20/pic/sources/c90/common/doprnt.c"
 Parameters:    Size  Location     Type
  prec            1    wreg     unsigned char 
 Auto vars:     Size  Location     Type
  prec            1   45[BANK0 ] unsigned char 
 Return value:  Size  Location     Type
                  4   26[BANK0 ] unsigned char 
 Registers used:
		wreg, fsr0l, fsr0h, status,2, status,0, btemp+1, pclath, cstack
 Tracked objects:
		On entry : 
		On exit  : 
		Unchanged: 
 Data sizes:     COMMON   BANK0   BANK1   BANK3   BANK2
      Params:         0       4       0       0       0
      Locals:         0       9       0       0       0
      Temps:          0       7       0       0       0
      Totals:         0      20       0       0       0
Total ram usage:       20 bytes
 Hardware stack levels used:    1
 Hardware stack levels required when called:    2
 This function calls:
		___flmul
		___lwdiv
		___lwmod
 This function is called by:
		_sprintf
 This function uses a non-reentrant model


 *************** function ___lwmod *****************
 Defined at:
		line 5 in file "/opt/microchip/xc8/v2.20/pic/sources/c90/common/lwmod.c"
 Parameters:    Size  Location     Type
  divisor         2    0[COMMON] unsigned int 
  dividend        2    2[COMMON] unsigned int 
 Auto vars:     Size  Location     Type
  counter         1    4[COMMON] unsigned char 
 Return value:  Size  Location     Type
                  2    0[COMMON] unsigned int 
 Registers used:
		wreg, status,2, status,0, btemp+1
 Tracked objects:
		On entry : 
		On exit  : 
		Unchanged: 
 Data sizes:     COMMON   BANK0   BANK1   BANK3   BANK2
      Params:         4       0       0       0       0
      Locals:         1       0       0       0       0
      Temps:          0       0       0       0       0
      Totals:         5       0       0       0       0
Total ram usage:        5 bytes
 Hardware stack levels used:    1
 This function calls:
		Nothing
 This function is called by:
		_fround
 This function uses a non-reentrant model


 *************** function ___lwdiv *****************
 Defined at:
		line 5 in file "/opt/microchip/xc8/v2.20/pic/sources/c90/common/lwdiv.c"
 Parameters:    Size  Location     Type
  divisor         2    5[COMMON] unsigned int 
[...]
 Defined at:
		line 60 in file "/opt/microchip/xc8/v2.20/pic/sources/c90/common/fldivl.c"
 Parameters:    Size  Location     Type
  f1              4    0[COMMON] unsigned long 
  f2              4    4[COMMON] unsigned long 
 Auto vars:     Size  Location     Type
  quot            4    0[BANK0 ] unsigned long 
  exp1            1    5[BANK0 ] unsigned char 
  cntr            1    4[BANK0 ] unsigned char 
 Return value:  Size  Location     Type
                  4    0[COMMON] unsigned long 
 Registers used:
		wreg, status,2, status,0, btemp+1
 Tracked objects:
		On entry : 
		On exit  : 
		Unchanged: 
 Data sizes:     COMMON   BANK0   BANK1   BANK3   BANK2
      Params:         8       0       0       0       0
      Locals:         0       6       0       0       0
      Temps:          1       0       0       0       0
      Totals:         9       6       0       0       0
Total ram usage:       15 bytes
 Hardware stack levels used:    1
 This function calls:
		Nothing
 This function is called by:
		_sprintf
 This function uses a non-reentrant model


 *************** function ___xxtofl *****************
 Defined at:
		line 10 in file "/opt/microchip/xc8/v2.20/pic/sources/c90/common/xxtofl.c"
 Parameters:    Size  Location     Type
  sign            1    wreg     unsigned char 
  val             4    0[COMMON] long 
 Auto vars:     Size  Location     Type
  sign            1    8[COMMON] unsigned char 
  arg             4   10[COMMON] unsigned long 
  exp             1    9[COMMON] unsigned char 
 Return value:  Size  Location     Type
                  4    0[COMMON] unsigned char 
 Registers used:
		wreg, status,2, status,0, btemp+1
 Tracked objects:
		On entry : 
		On exit  : 
		Unchanged: 
 Data sizes:     COMMON   BANK0   BANK1   BANK3   BANK2
      Params:         4       0       0       0       0
      Locals:         6       0       0       0       0
      Temps:          4       0       0       0       0
      Totals:        14       0       0       0       0
Total ram usage:       14 bytes
 Hardware stack levels used:    1
 This function calls:
		Nothing
 This function is called by:
		_isr
		_sprintf
 This function uses a non-reentrant model


 *************** function ___wmul *****************
 Defined at:
		line 15 in file "/opt/microchip/xc8/v2.20/pic/sources/c90/common/Umul16.c"
 Parameters:    Size  Location     Type
  multiplier      2    0[COMMON] unsigned int 
  multiplicand    2    2[COMMON] unsigned int 
 Auto vars:     Size  Location     Type
  product         2    4[COMMON] unsigned int 
 Return value:  Size  Location     Type
                  2    0[COMMON] unsigned int 
 Registers used:
		wreg, status,2, status,0
 Tracked objects:
		On entry : 
		On exit  : 
		Unchanged: 
 Data sizes:     COMMON   BANK0   BANK1   BANK3   BANK2
      Params:         4       0       0       0       0
      Locals:         2       0       0       0       0
      Temps:          0       0       0       0       0
      Totals:         6       0       0       0       0
Total ram usage:        6 bytes
 Hardware stack levels used:    1
 This function calls:
		Nothing
 This function is called by:
		_sprintf
 This function uses a non-reentrant model


 *************** function ___llmod *****************
 Defined at:
		line 5 in file "/opt/microchip/xc8/v2.20/pic/sources/c90/common/llmod.c"
 Parameters:    Size  Location     Type
  divisor         4    0[BANK0 ] unsigned long 
  dividend        4    4[BANK0 ] unsigned long 
 Auto vars:     Size  Location     Type
  counter         1    9[BANK0 ] unsigned char 
 Return value:  Size  Location     Type
                  4    0[BANK0 ] unsigned long 
 Registers used:
		wreg, status,2, status,0, btemp+1
 Tracked objects:
		On entry : 
		On exit  : 
		Unchanged: 
 Data sizes:     COMMON   BANK0   BANK1   BANK3   BANK2
      Params:         0       8       0       0       0
      Locals:         0       1       0       0       0
      Temps:          0       1       0       0       0
      Totals:         0      10       0       0       0
Total ram usage:       10 bytes
 Hardware stack levels used:    1
 This function calls:
		Nothing
 This function is called by:
		_sprintf
 This function uses a non-reentrant model


 *************** function ___lldiv *****************
 Defined at:
		line 5 in file "/opt/microchip/xc8/v2.20/pic/sources/c90/common/__lldiv.c"
 Parameters:    Size  Location     Type
  divisor         4    0[COMMON] unsigned long 
  dividend        4    4[COMMON] unsigned long 
 Auto vars:     Size  Location     Type
  quotient        4    9[COMMON] unsigned long 
  counter         1   13[COMMON] unsigned char 
 Return value:  Size  Location     Type
                  4    0[COMMON] unsigned long 
 Registers used:
		wreg, status,2, status,0, btemp+1
 Tracked objects:
		On entry : 
		On exit  : 
		Unchanged: 
 Data sizes:     COMMON   BANK0   BANK1   BANK3   BANK2
      Params:         8       0       0       0       0
      Locals:         5       0       0       0       0
      Temps:          1       0       0       0       0
      Totals:        14       0       0       0       0
Total ram usage:       14 bytes
 Hardware stack levels used:    1
 This function calls:
		Nothing
 This function is called by:
		_sprintf
 This function uses a non-reentrant model


 *************** function ___fltol *****************
 Defined at:
		line 43 in file "/opt/microchip/xc8/v2.20/pic/sources/c90/common/fltol.c"
 Parameters:    Size  Location     Type
  f1              4   26[BANK0 ] unsigned long 
 Auto vars:     Size  Location     Type
  exp1            1   35[BANK0 ] unsigned char 
  sign1           1   34[BANK0 ] unsigned char 
 Return value:  Size  Location     Type
                  4   26[BANK0 ] long 
 Registers used:
		wreg, status,2, status,0, btemp+1
 Tracked objects:
		On entry : 
		On exit  : 
		Unchanged: 
 Data sizes:     COMMON   BANK0   BANK1   BANK3   BANK2
      Params:         0       4       0       0       0
      Locals:         0       2       0       0       0
      Temps:          0       4       0       0       0
      Totals:         0      10       0       0       0
Total ram usage:       10 bytes
 Hardware stack levels used:    1
 This function calls:
		Nothing
 This function is called by:
		_sprintf
 This function uses a non-reentrant model


 *************** function ___flsub *****************
 Defined at:
		line 242 in file "/opt/microchip/xc8/v2.20/pic/sources/c90/common/sprcadd.c"
 Parameters:    Size  Location     Type
  a               4   66[BANK0 ] long 
  b               4   70[BANK0 ] long 
 Auto vars:     Size  Location     Type
		None
 Return value:  Size  Location     Type
                  4   66[BANK0 ] long 
 Registers used:
		wreg, status,2, status,0, btemp+1, pclath, cstack
 Tracked objects:
		On entry : 
		On exit  : 
		Unchanged: 
 Data sizes:     COMMON   BANK0   BANK1   BANK3   BANK2
      Params:         0       8       0       0       0
      Locals:         0       0       0       0       0
      Temps:          0       0       0       0       0
      Totals:         0       8       0       0       0
Total ram usage:        8 bytes
 Hardware stack levels used:    1
 Hardware stack levels required when called:    1
 This function calls:
		___fladd
 This function is called by:
		_sprintf
 This function uses a non-reentrant model


 *************** function ___fladd *****************
 Defined at:
		line 10 in file "/opt/microchip/xc8/v2.20/pic/sources/c90/common/sprcadd.c"
 Parameters:    Size  Location     Type
  b               4   46[BANK0 ] long 
  a               4   50[BANK0 ] long 
 Auto vars:     Size  Location     Type
  grs             1   65[BANK0 ] unsigned char 
  bexp            1   64[BANK0 ] unsigned char 
  aexp            1   63[BANK0 ] unsigned char 
  signs           1   62[BANK0 ] unsigned char 
 Return value:  Size  Location     Type
                  4   46[BANK0 ] unsigned char 
 Registers used:
		wreg, status,2, status,0, btemp+1
 Tracked objects:
		On entry : 
		On exit  : 
		Unchanged: 
 Data sizes:     COMMON   BANK0   BANK1   BANK3   BANK2
      Params:         0       8       0       0       0
      Locals:         0       4       0       0       0
      Temps:          0       8       0       0       0
      Totals:         0      20       0       0       0
Total ram usage:       20 bytes
 Hardware stack levels used:    1
 This function calls:
		Nothing
 This function is called by:
		_sprintf
		___flsub
 This function uses a non-reentrant model


 *************** function ___flneg *****************
 Defined at:
		line 15 in file "/opt/microchip/xc8/v2.20/pic/sources/c90/common/flneg.c"
 Parameters:    Size  Location     Type
  f1              4    0[COMMON] unsigned char 
 Auto vars:     Size  Location     Type
		None
 Return value:  Size  Location     Type
                  4    0[COMMON] unsigned char 
 Registers used:
		wreg
 Tracked objects:
		On entry : 
		On exit  : 
		Unchanged: 
 Data sizes:     COMMON   BANK0   BANK1   BANK3   BANK2
      Params:         4       0       0       0       0
      Locals:         0       0       0       0       0
      Temps:          0       0       0       0       0
      Totals:         4       0       0       0       0
Total ram usage:        4 bytes
 Hardware stack levels used:    1
 This function calls:
		Nothing
 This function is called by:
		_sprintf
 This function uses a non-reentrant model


 *************** function ___flge *****************
 Defined at:
		line 4 in file "/opt/microchip/xc8/v2.20/pic/sources/c90/common/flge.c"
 Parameters:    Size  Location     Type
  ff1             4    0[COMMON] unsigned char 
  ff2             4    4[COMMON] unsigned char 
 Auto vars:     Size  Location     Type
		None
 Return value:  Size  Location     Type
		None               void
 Registers used:
		wreg, status,2, status,0
 Tracked objects:
		On entry : 
		On exit  : 
		Unchanged: 
 Data sizes:     COMMON   BANK0   BANK1   BANK3   BANK2
      Params:         8       0       0       0       0
      Locals:         0       0       0       0       0
      Temps:          4       0       0       0       0
      Totals:        12       0       0       0       0
Total ram usage:       12 bytes
 Hardware stack levels used:    1
 This function calls:
		Nothing
 This function is called by:
		_sprintf
 This function uses a non-reentrant model


 *************** function ___fleq *****************
 Defined at:
		line 4 in file "/opt/microchip/xc8/v2.20/pic/sources/c90/common/fleq.c"
 Parameters:    Size  Location     Type
  ff1             4    0[COMMON] unsigned char 
  ff2             4    4[COMMON] unsigned char 
 Auto vars:     Size  Location     Type
		None
 Return value:  Size  Location     Type
		None               void
 Registers used:
		wreg, status,2, status,0
 Tracked objects:
		On entry : 
		On exit  : 
		Unchanged: 
 Data sizes:     COMMON   BANK0   BANK1   BANK3   BANK2
      Params:         8       0       0       0       0
      Locals:         0       0       0       0       0
      Temps:          4       0       0       0       0
      Totals:        12       0       0       0       0
Total ram usage:       12 bytes
 Hardware stack levels used:    1
 This function calls:
		Nothing
 This function is called by:
		_sprintf
 This function uses a non-reentrant model


 *************** function _io_sw_read *****************
 Defined at:
		line 49 in file "io.c"
 Parameters:    Size  Location     Type
  port            1    wreg     unsigned char 
 Auto vars:     Size  Location     Type
  port            1    1[COMMON] unsigned char 
  swNew           1    2[COMMON] unsigned char 
 Return value:  Size  Location     Type
                  1    wreg      void 
 Registers used:
		wreg, status,2, status,0, btemp+1
 Tracked objects:
		On entry : 
		On exit  : 
		Unchanged: 
 Data sizes:     COMMON   BANK0   BANK1   BANK3   BANK2
      Params:         0       0       0       0       0
      Locals:         2       0       0       0       0
      Temps:          1       0       0       0       0
      Totals:         3       0       0       0       0
Total ram usage:        3 bytes
 Hardware stack levels used:    1
 This function calls:
		Nothing
 This function is called by:
		_isr
 This function uses a non-reentrant model


 *************** function _debug_led_toggle *****************
 Defined at:
		line 23 in file "debug.c"
 Parameters:    Size  Location     Type
  led             1    wreg     unsigned char 
 Auto vars:     Size  Location     Type
  led             1    0[COMMON] unsigned char 
 Return value:  Size  Location     Type
                  1    wreg      void 
 Registers used:
		wreg, fsr0l, fsr0h, status,2, status,0
 Tracked objects:
		On entry : 
		On exit  : 
		Unchanged: 
 Data sizes:     COMMON   BANK0   BANK1   BANK3   BANK2
      Params:         0       0       0       0       0
      Locals:         1       0       0       0       0
      Temps:          0       0       0       0       0
      Totals:         1       0       0       0       0
Total ram usage:        1 bytes
 Hardware stack levels used:    1
 This function calls:
		Nothing
 This function is called by:
		_isr
 This function uses a non-reentrant model


 *************** function ___fldiv *****************
 Defined at:
		line 8 in file "/opt/microchip/xc8/v2.20/pic/sources/c90/common/sprcdiv.c"
 Parameters:    Size  Location     Type
  a               4    0[BANK0 ] void 
  b               4    4[BANK0 ] void 
 Auto vars:     Size  Location     Type
  grs             4   20[BANK0 ] unsigned long 
  rem             4   13[BANK0 ] unsigned long 
  new_exp         2   18[BANK0 ] int 
  aexp            1   25[BANK0 ] unsigned char 
  bexp            1   24[BANK0 ] unsigned char 
  sign            1   17[BANK0 ] unsigned char 
 Return value:  Size  Location     Type
                  4    0[BANK0 ] unsigned char 
 Registers used:
		wreg, status,2, status,0, btemp+1
 Tracked objects:
		On entry : 
		On exit  : 
		Unchanged: 
 Data sizes:     COMMON   BANK0   BANK1   BANK3   BANK2
      Params:         0       8       0       0       0
      Locals:         0      13       0       0       0
      Temps:          0       5       0       0       0
      Totals:         0      26       0       0       0
Total ram usage:       26 bytes
 Hardware stack levels used:    1
 This function calls:
		Nothing
 This function is called by:
		_isr
 This function uses a non-reentrant model



MODULE INFORMATION

Module		Function		Class		Link	Load	Size
/opt/microchip/xc8/v2.20/pic/sources/c90/common/fleq.c
		___fleq        		CODE           	1B9D	0000	79

/opt/microchip/xc8/v2.20/pic/sources/c90/common/fleq.c estimated size: 79

/opt/microchip/xc8/v2.20/pic/sources/c90/common/sprcmul.c
		___flmul       		CODE           	0C9F	0000	866

/opt/microchip/xc8/v2.20/pic/sources/c90/common/sprcmul.c estimated size: 866

/opt/microchip/xc8/v2.20/pic/sources/c90/common/doprnt.c
		_scale         		CODE           	0940	0000	864
		_sprintf       		CODE           	002F	0000	1797
		_fround        		CODE           	136D	0000	524

/opt/microchip/xc8/v2.20/pic/sources/c90/common/doprnt.c estimated size: 3185

/opt/microchip/xc8/v2.20/pic/sources/c90/common/lwdiv.c
		___lwdiv       		CODE           	1B13	0000	69

/opt/microchip/xc8/v2.20/pic/sources/c90/common/lwdiv.c estimated size: 69

/opt/microchip/xc8/v2.20/pic/sources/c90/common/__lldiv.c
		___lldiv       		CODE           	1D9C	0000	103

/opt/microchip/xc8/v2.20/pic/sources/c90/common/__lldiv.c estimated size: 103

/opt/microchip/xc8/v2.20/pic/sources/c90/common/awdiv.c
		___awdiv       		CODE           	1E02	0000	104

/opt/microchip/xc8/v2.20/pic/sources/c90/common/awdiv.c estimated size: 104

/opt/microchip/xc8/v2.20/pic/sources/c90/common/sprcdiv.c
		___fldiv       		CODE           	1190	0000	478

/opt/microchip/xc8/v2.20/pic/sources/c90/common/sprcdiv.c estimated size: 478

/opt/microchip/xc8/v2.20/pic/sources/c90/common/ftdivl.c
		__tdiv_to_l_   		CODE           	10D3	0000	190

/opt/microchip/xc8/v2.20/pic/sources/c90/common/ftdivl.c estimated size: 190

/opt/microchip/xc8/v2.20/pic/sources/c90/common/Umul16.c
		___wmul        		CODE           	19F3	0000	38

/opt/microchip/xc8/v2.20/pic/sources/c90/common/Umul16.c estimated size: 38

io.c
		_io_sw_read    		CODE           	19AD	0000	35
		_io_led_toggle 		CODE           	18E4	0000	6
		_io_beep       		CODE           	1A6A	0000	53
		_io_init       		CODE           	1920	0000	16
		_io_sw_pressed 		CODE           	1941	0000	20

io.c estimated size: 130

debug.c
		_debug_init    		CODE           	18F1	0000	11
		_debug_led_toggle		CODE           	196F	0000	30

debug.c estimated size: 41

/opt/microchip/xc8/v2.20/pic/sources/c90/common/flneg.c
		___flneg       		CODE           	18FB	0000	12

/opt/microchip/xc8/v2.20/pic/sources/c90/common/flneg.c estimated size: 12

/opt/microchip/xc8/v2.20/pic/sources/c90/common/sprcadd.c
		___flsub       		CODE           	19CF	0000	37
		___fladd       		CODE           	1578	0000	649

/opt/microchip/xc8/v2.20/pic/sources/c90/common/sprcadd.c estimated size: 686

/opt/microchip/xc8/v2.20/pic/sources/c90/common/fldivl.c
		__div_to_l_    		CODE           	0733	0000	191

/opt/microchip/xc8/v2.20/pic/sources/c90/common/fldivl.c estimated size: 191

/opt/microchip/xc8/v2.20/pic/sources/c90/common/flge.c
		___flge        		CODE           	1F5E	0000	163

/opt/microchip/xc8/v2.20/pic/sources/c90/common/flge.c estimated size: 163

shared
		i1_LCD_RS_SetLow		CODE           	18D0	0000	5
		__stringtab    		STRING         	1800	0000	17
		__powers_      		STRING         	1810	0000	53
		_dpowers       		STRING         	1878	0000	41
		__npowers_     		STRING         	1844	0000	53
		__initialization		CODE           	0019	0000	19
		i1_LCD_RS_SetHigh		CODE           	18D4	0000	5
		i1_lcd_goto    		CODE           	1912	0000	15
		i1_lcd_write   		CODE           	1954	0000	28
		i1_lcd_puts    		CODE           	1A3F	0000	44
		i1_lcd_write_nibble		CODE           	1B57	0000	71

shared estimated size: 351

/opt/microchip/xc8/v2.20/pic/sources/c90/common/xxtofl.c
		___xxtofl      		CODE           	1019	0000	187

/opt/microchip/xc8/v2.20/pic/sources/c90/common/xxtofl.c estimated size: 187

lcd.c
		_lcd_puts      		CODE           	1AD8	0000	60
		_lcd_clear     		CODE           	1003	0000	23
		_lcd_goto      		CODE           	192F	0000	19
		_lcd_cursor    		CODE           	0800	0000	28
		_LCD_RS_SetLow 		CODE           	18D8	0000	5
		_LCD_RS_SetHigh		CODE           	18E0	0000	5
		_lcd_write     		CODE           	198C	0000	34
		_lcd_write_nibble		CODE           	1BEB	0000	79
		_LCD_RW_SetLow 		CODE           	18DC	0000	5
		_lcd_init      		CODE           	1C8F	0000	89

lcd.c estimated size: 347

/opt/microchip/xc8/v2.20/pic/sources/c90/common/lwmod.c
		___lwmod       		CODE           	1A9E	0000	59

/opt/microchip/xc8/v2.20/pic/sources/c90/common/lwmod.c estimated size: 59

/opt/microchip/xc8/v2.20/pic/sources/c90/common/awmod.c
		___awmod       		CODE           	1CE7	0000	90

/opt/microchip/xc8/v2.20/pic/sources/c90/common/awmod.c estimated size: 90

/opt/microchip/xc8/v2.20/pic/sources/c90/common/llmod.c
		___llmod       		CODE           	1C39	0000	87

/opt/microchip/xc8/v2.20/pic/sources/c90/common/llmod.c estimated size: 87

/opt/microchip/xc8/v2.20/pic/sources/c90/common/Umul8_16.c
		__Umul8_16     		CODE           	1A18	0000	40

/opt/microchip/xc8/v2.20/pic/sources/c90/common/Umul8_16.c estimated size: 40

main.c
		_matriz_estados_init		CODE           	1D40	0000	93
		_main          		CODE           	1E69	0000	122
		_t0_init       		CODE           	1906	0000	13
		_isr           		CODE           	081B	0000	294
		_portB_init    		CODE           	07F1	0000	16

main.c estimated size: 538

/opt/microchip/xc8/v2.20/pic/sources/c90/common/fltol.c
		___fltol       		CODE           	1EE2	0000	125

/opt/microchip/xc8/v2.20/pic/sources/c90/common/fltol.c estimated size: 125

